Archive member included to satisfy reference by file (symbol)

/opt/devkitpro/libctru/lib/libcitro2d.a(base.o)
                              main.o (C2D_Init)
/opt/devkitpro/libctru/lib/libcitro2d.a(text.o)
                              main.o (C2D_TextBufNew)
/opt/devkitpro/libctru/lib/libcitro2d.a(font.o)
                              main.o (C2D_FontFree)
/opt/devkitpro/libctru/lib/libcitro2d.a(render2d.shbin.o)
                              /opt/devkitpro/libctru/lib/libcitro2d.a(base.o) (render2d_shbin)
/opt/devkitpro/libctru/lib/libcitro3d.a(attribs.o)
                              /opt/devkitpro/libctru/lib/libcitro2d.a(base.o) (AttrInfo_Init)
/opt/devkitpro/libctru/lib/libcitro3d.a(base.o)
                              /opt/devkitpro/libctru/lib/libcitro3d.a(attribs.o) (__C3D_Context)
/opt/devkitpro/libctru/lib/libcitro3d.a(buffers.o)
                              /opt/devkitpro/libctru/lib/libcitro2d.a(base.o) (BufInfo_Init)
/opt/devkitpro/libctru/lib/libcitro3d.a(drawElements.o)
                              /opt/devkitpro/libctru/lib/libcitro2d.a(base.o) (C3D_DrawElements)
/opt/devkitpro/libctru/lib/libcitro3d.a(effect.o)
                              /opt/devkitpro/libctru/lib/libcitro3d.a(base.o) (C3D_DepthMap)
/opt/devkitpro/libctru/lib/libcitro3d.a(framebuffer.o)
                              /opt/devkitpro/libctru/lib/libcitro3d.a(base.o) (C3Di_FrameBufBind)
/opt/devkitpro/libctru/lib/libcitro3d.a(immediate.o)
                              /opt/devkitpro/libctru/lib/libcitro3d.a(base.o) (C3D_ImmSendAttrib)
/opt/devkitpro/libctru/lib/libcitro3d.a(proctex.o)
                              /opt/devkitpro/libctru/lib/libcitro2d.a(base.o) (C3D_ProcTexInit)
/opt/devkitpro/libctru/lib/libcitro3d.a(renderqueue.o)
                              /opt/devkitpro/libctru/lib/libcitro3d.a(base.o) (C3Di_RenderQueueEnableVBlank)
/opt/devkitpro/libctru/lib/libcitro3d.a(texenv.o)
                              /opt/devkitpro/libctru/lib/libcitro2d.a(base.o) (C3D_GetTexEnv)
/opt/devkitpro/libctru/lib/libcitro3d.a(texture.o)
                              /opt/devkitpro/libctru/lib/libcitro2d.a(base.o) (C3D_TexBind)
/opt/devkitpro/libctru/lib/libcitro3d.a(uniforms.o)
                              /opt/devkitpro/libctru/lib/libcitro3d.a(base.o) (C3D_UpdateUniforms)
/opt/devkitpro/libctru/lib/libcitro3d.a(mtx_multiply.o)
                              /opt/devkitpro/libctru/lib/libcitro2d.a(base.o) (Mtx_Multiply)
/opt/devkitpro/libctru/lib/libcitro3d.a(mtx_ortho.o)
                              /opt/devkitpro/libctru/lib/libcitro2d.a(base.o) (Mtx_Ortho)
/opt/devkitpro/libctru/lib/libcitro3d.a(mtx_orthotilt.o)
                              /opt/devkitpro/libctru/lib/libcitro2d.a(base.o) (Mtx_OrthoTilt)
/opt/devkitpro/libctru/lib/libcitro3d.a(mtx_rotatez.o)
                              /opt/devkitpro/libctru/lib/libcitro2d.a(base.o) (Mtx_RotateZ)
/opt/devkitpro/libctru/lib/libcitro3d.a(mtx_scale.o)
                              /opt/devkitpro/libctru/lib/libcitro2d.a(base.o) (Mtx_Scale)
/opt/devkitpro/libctru/lib/libcitro3d.a(mtx_translate.o)
                              /opt/devkitpro/libctru/lib/libcitro2d.a(base.o) (Mtx_Translate)
/opt/devkitpro/libctru/lib/libctru.a(linear.o)
                              /opt/devkitpro/libctru/lib/libcitro2d.a(base.o) (linearAlloc)
/opt/devkitpro/libctru/lib/libctru.a(mem_pool.o)
                              /opt/devkitpro/libctru/lib/libctru.a(linear.o) (_ZN7MemPool8AllocateER8MemChunkmi)
/opt/devkitpro/libctru/lib/libctru.a(vram.o)
                              /opt/devkitpro/libctru/lib/libcitro3d.a(renderqueue.o) (vramAlloc)
/opt/devkitpro/libctru/lib/libctru.a(console.o)
                              main.o (consoleInit)
/opt/devkitpro/libctru/lib/libctru.a(font.o)
                              /opt/devkitpro/libctru/lib/libcitro2d.a(text.o) (fontEnsureMapped)
/opt/devkitpro/libctru/lib/libctru.a(gfx.o)
                              /opt/devkitpro/libctru/lib/libcitro2d.a(base.o) (gfxIsWide)
/opt/devkitpro/libctru/lib/libctru.a(os.o)
                              /opt/devkitpro/libctru/lib/libcitro3d.a(buffers.o) (osConvertVirtToPhys)
/opt/devkitpro/libctru/lib/libctru.a(romfs_dev.o)
                              /opt/devkitpro/libctru/lib/libcitro2d.a(font.o) (romfsMountFromTitle)
/opt/devkitpro/libctru/lib/libctru.a(gpu.o)
                              /opt/devkitpro/libctru/lib/libcitro3d.a(renderqueue.o) (gpuCmdBuf)
/opt/devkitpro/libctru/lib/libctru.a(gx.o)
                              /opt/devkitpro/libctru/lib/libcitro3d.a(renderqueue.o) (GX_BindQueue)
/opt/devkitpro/libctru/lib/libctru.a(gxqueue.o)
                              /opt/devkitpro/libctru/lib/libcitro3d.a(renderqueue.o) (gxCmdQueueClear)
/opt/devkitpro/libctru/lib/libctru.a(shaderProgram.o)
                              /opt/devkitpro/libctru/lib/libcitro2d.a(base.o) (shaderInstanceGetUniformLocation)
/opt/devkitpro/libctru/lib/libctru.a(shbin.o)
[...]
Memory Configuration

Name             Origin             Length             Attributes
*default*        0x00000000         0xffffffff

Linker script and memory map

                0x00000000                        __sync_synchronize = __sync_synchronize_dmb
                0x00100000                        PROVIDE (__start__ = 0x100000)
                0x00100000                        . = __start__

.text           0x00100000    0x266ac
 *(.crt0)
 .crt0          0x00100000       0x94 /opt/devkitpro/devkitARM/lib/gcc/arm-none-eabi/15.2.0/../../../../arm-none-eabi/lib/armv6k/fpu/3dsx_crt0.o
                0x00100000                _start
                0x00100008                __service_ptr
                0x0010000c                __apt_appid
                0x00100010                __heap_size
                0x00100014                __linear_heap_size
                0x00100018                __system_arglist
                0x0010001c                __system_runflags
 *(.init)
 .init          0x00100094        0xc /opt/devkitpro/devkitARM/lib/gcc/arm-none-eabi/15.2.0/armv6k/fpu/crti.o
                0x00100094                _init
 .init          0x001000a0        0xc /opt/devkitpro/devkitARM/lib/gcc/arm-none-eabi/15.2.0/armv6k/fpu/crtn.o
                0x001000ac                        . = ALIGN (0x4)
 *(.text)
 .text          0x001000ac      0x20c /opt/devkitpro/devkitARM/lib/gcc/arm-none-eabi/15.2.0/armv6k/fpu/libgcc.a(_udivsi3.o)
                0x001000ac                __udivsi3
                0x001000ac                __aeabi_uidiv
                0x00100298                __aeabi_uidivmod
 .text          0x001002b8      0x240 /opt/devkitpro/devkitARM/lib/gcc/arm-none-eabi/15.2.0/armv6k/fpu/libgcc.a(_divsi3.o)
                0x001002b8                __aeabi_idiv
                0x001002b8                __divsi3
                0x001004d8                __aeabi_idivmod
 .text          0x001004f8        0x4 /opt/devkitpro/devkitARM/lib/gcc/arm-none-eabi/15.2.0/armv6k/fpu/libgcc.a(_dvmd_tls.o)
                0x001004f8                __aeabi_ldiv0
                0x001004f8                __aeabi_idiv0
 .text          0x001004fc       0xd4 /opt/devkitpro/devkitARM/lib/gcc/arm-none-eabi/15.2.0/armv6k/fpu/libgcc.a(_aeabi_ldivmod.o)
                0x001004fc                __aeabi_ldivmod
 .text          0x001005d0       0x3c /opt/devkitpro/devkitARM/lib/gcc/arm-none-eabi/15.2.0/armv6k/fpu/libgcc.a(_aeabi_uldivmod.o)
                0x001005d0                __aeabi_uldivmod
 *fill*         0x0010060c       0x14 
 .text          0x00100620      0x390 /opt/devkitpro/devkitARM/lib/gcc/arm-none-eabi/15.2.0/../../../../arm-none-eabi/lib/armv6k/fpu/libg.a(libc_a-strcmp.o)
                0x00100628                strcmp
 *(.text.*)
 .text.__do_global_dtors_aux
                0x001009b0       0x50 /opt/devkitpro/devkitARM/lib/gcc/arm-none-eabi/15.2.0/armv6k/fpu/crtbegin.o
 .text.frame_dummy
                0x00100a00       0x2c /opt/devkitpro/devkitARM/lib/gcc/arm-none-eabi/15.2.0/armv6k/fpu/crtbegin.o
 *fill*         0x00100a2c        0x4 
 .text.startup.main
                0x00100a30      0x7f4 main.o
                0x00100a30                main
 .text.C2Di_FrameEndHook
                0x00101224       0x44 /opt/devkitpro/libctru/lib/libcitro2d.a(base.o)
 .text.C2D_Init
                0x00101268      0x36c /opt/devkitpro/libctru/lib/libcitro2d.a(base.o)
                0x00101268                C2D_Init
 .text.C2D_Fini
                0x001015d4       0x4c /opt/devkitpro/libctru/lib/libcitro2d.a(base.o)
                0x001015d4                C2D_Fini
 .text.C2D_Prepare
                0x00101620       0xb8 /opt/devkitpro/libctru/lib/libcitro2d.a(base.o)
                0x00101620                C2D_Prepare
 .text.C2D_Flush
                0x001016d8       0x48 /opt/devkitpro/libctru/lib/libcitro2d.a(base.o)
                0x001016d8                C2D_Flush
 .text.C2D_SceneSize
                0x00101720      0x104 /opt/devkitpro/libctru/lib/libcitro2d.a(base.o)
                0x00101720                C2D_SceneSize
 .text.C2D_CreateScreenTarget
                0x00101824       0x58 /opt/devkitpro/libctru/lib/libcitro2d.a(base.o)
                0x00101824                C2D_CreateScreenTarget
 .text.C2D_TargetClear
                0x0010187c       0x64 /opt/devkitpro/libctru/lib/libcitro2d.a(base.o)
                0x0010187c                C2D_TargetClear
 .text.C2Di_AppendQuad
                0x001018e0       0x58 /opt/devkitpro/libctru/lib/libcitro2d.a(base.o)
                0x001018e0                C2Di_AppendQuad
 .text.C2Di_AppendVtx
                0x00101938       0x40 /opt/devkitpro/libctru/lib/libcitro2d.a(base.o)
                0x00101938                C2Di_AppendVtx
 .text.C2Di_Update
                0x00101978      0x550 /opt/devkitpro/libctru/lib/libcitro2d.a(base.o)
                0x00101978                C2Di_Update
 .text.C2D_DrawRectangle
                0x00101ec8      0x158 /opt/devkitpro/libctru/lib/libcitro2d.a(base.o)
                0x00101ec8                C2D_DrawRectangle
 .text.C2Di_GlyphComp
                0x00102020       0x18 /opt/devkitpro/libctru/lib/libcitro2d.a(text.o)
 .text.C2Di_CalcLineWidths
                0x00102038      0x140 /opt/devkitpro/libctru/lib/libcitro2d.a(text.o)
 .text.C2D_TextBufNew
                0x00102178      0x1dc /opt/devkitpro/libctru/lib/libcitro2d.a(text.o)
                0x00102178                C2D_TextBufNew
 .text.C2D_TextBufDelete
                0x00102354        0x4 /opt/devkitpro/libctru/lib/libcitro2d.a(text.o)
                0x00102354                C2D_TextBufDelete
 .text.C2D_TextBufClear
                0x00102358        0xc /opt/devkitpro/libctru/lib/libcitro2d.a(text.o)
                0x00102358                C2D_TextBufClear
 .text.C2D_TextFontParseLine
                0x00102364      0x1c8 /opt/devkitpro/libctru/lib/libcitro2d.a(text.o)
                0x00102364                C2D_TextFontParseLine
 .text.C2D_TextFontParse
                0x0010252c       0xa8 /opt/devkitpro/libctru/lib/libcitro2d.a(text.o)
                0x0010252c                C2D_TextFontParse
 .text.C2D_TextOptimize
                0x001025d4       0x30 /opt/devkitpro/libctru/lib/libcitro2d.a(text.o)
                0x001025d4                C2D_TextOptimize
 .text.C2D_DrawText
                0x00102604      0xf6c /opt/devkitpro/libctru/lib/libcitro2d.a(text.o)
                0x00102604                C2D_DrawText
 .text.C2D_FontFree
                0x00103570       0x28 /opt/devkitpro/libctru/lib/libcitro2d.a(font.o)
                0x00103570                C2D_FontFree
 .text.C2Di_PostLoadFont
                0x00103598       0xe8 /opt/devkitpro/libctru/lib/libcitro2d.a(font.o)
 .text.C2D_FontLoadSystem
                0x00103680      0x1c0 /opt/devkitpro/libctru/lib/libcitro2d.a(font.o)
                0x00103680                C2D_FontLoadSystem
 .text.C2D_FontGlyphIndexFromCodePoint
                0x00103840       0x44 /opt/devkitpro/libctru/lib/libcitro2d.a(font.o)
                0x00103840                C2D_FontGlyphIndexFromCodePoint
 .text.C2D_FontCalcGlyphPos
                0x00103884       0x78 /opt/devkitpro/libctru/lib/libcitro2d.a(font.o)
                0x00103884                C2D_FontCalcGlyphPos
 .text.AttrInfo_Init
                0x001038fc       0x28 /opt/devkitpro/libctru/lib/libcitro3d.a(attribs.o)
                0x001038fc                AttrInfo_Init
 .text.AttrInfo_AddLoader
                0x00103924       0x94 /opt/devkitpro/libctru/lib/libcitro3d.a(attribs.o)
                0x00103924                AttrInfo_AddLoader
 .text.C3D_SetAttrInfo
                0x001039b8       0x54 /opt/devkitpro/libctru/lib/libcitro3d.a(attribs.o)
                0x001039b8                C3D_SetAttrInfo
 .text.C3Di_AttrInfoBind
                0x00103a0c       0x80 /opt/devkitpro/libctru/lib/libcitro3d.a(attribs.o)
                0x00103a0c                C3Di_AttrInfoBind
 .text.C3Di_LightEnvUpdate
                0x00103a8c        0x4 /opt/devkitpro/libctru/lib/libcitro3d.a(base.o)
                0x00103a8c                C3Di_LightEnvUpdate
 .text.C3Di_LightEnvDirty
                0x00103a90        0x4 /opt/devkitpro/libctru/lib/libcitro3d.a(base.o)
                0x00103a90                C3Di_LightEnvDirty
 .text.C3Di_AptEventHook
                0x00103a94       0xb4 /opt/devkitpro/libctru/lib/libcitro3d.a(base.o)
 .text.C3Di_GasUpdate
                0x00103b48        0x4 /opt/devkitpro/libctru/lib/libcitro3d.a(base.o)
                0x00103b48                C3Di_GasUpdate
 .text.C3D_Init
                0x00103b4c      0x1d0 /opt/devkitpro/libctru/lib/libcitro3d.a(base.o)
                0x00103b4c                C3D_Init
 .text.C3D_SetViewport
                0x00103d1c       0x98 /opt/devkitpro/libctru/lib/libcitro3d.a(base.o)
                0x00103d1c                C3D_SetViewport
 .text.C3Di_UpdateContext
                0x00103db4      0x4e8 /opt/devkitpro/libctru/lib/libcitro3d.a(base.o)
                0x00103db4                C3Di_UpdateContext
 .text.C3Di_SplitFrame
                0x0010429c       0xe0 /opt/devkitpro/libctru/lib/libcitro3d.a(base.o)
                0x0010429c                C3Di_SplitFrame
 .text.C3D_GetCmdBufUsage
                0x0010437c       0x10 /opt/devkitpro/libctru/lib/libcitro3d.a(base.o)
                0x0010437c                C3D_GetCmdBufUsage
 .text.C3D_Fini
                0x0010438c       0x44 /opt/devkitpro/libctru/lib/libcitro3d.a(base.o)
                0x0010438c                C3D_Fini
 .text.C3D_BindProgram
                0x001043d0      0x194 /opt/devkitpro/libctru/lib/libcitro3d.a(base.o)
                0x001043d0                C3D_BindProgram
 .text.BufInfo_Init
                0x00104564       0x24 /opt/devkitpro/libctru/lib/libcitro3d.a(buffers.o)
                0x00104564                BufInfo_Init
 .text.BufInfo_Add
                0x00104588       0x80 /opt/devkitpro/libctru/lib/libcitro3d.a(buffers.o)
                0x00104588                BufInfo_Add
 .text.C3D_SetBufInfo
                0x00104608       0x3c /opt/devkitpro/libctru/lib/libcitro3d.a(buffers.o)
                0x00104608                C3D_SetBufInfo
 .text.C3Di_BufInfoBind
                0x00104644       0x48 /opt/devkitpro/libctru/lib/libcitro3d.a(buffers.o)
                0x00104644                C3Di_BufInfoBind
 .text.C3D_DrawElements
                0x0010468c      0x21c /opt/devkitpro/libctru/lib/libcitro3d.a(drawElements.o)
                0x0010468c                C3D_DrawElements
 .text.C3D_DepthMap
                0x001048a8       0x40 /opt/devkitpro/libctru/lib/libcitro3d.a(effect.o)
                0x001048a8                C3D_DepthMap
 .text.C3D_CullFace
                0x001048e8       0x1c /opt/devkitpro/libctru/lib/libcitro3d.a(effect.o)
                0x001048e8                C3D_CullFace
 .text.C3D_StencilTest
                0x00104904       0x40 /opt/devkitpro/libctru/lib/libcitro3d.a(effect.o)
                0x00104904                C3D_StencilTest
 .text.C3D_StencilOp
                0x00104944       0x24 /opt/devkitpro/libctru/lib/libcitro3d.a(effect.o)
                0x00104944                C3D_StencilOp
 .text.C3D_BlendingColor
                0x00104968       0x1c /opt/devkitpro/libctru/lib/libcitro3d.a(effect.o)
                0x00104968                C3D_BlendingColor
 .text.C3D_EarlyDepthTest
                0x00104984       0x24 /opt/devkitpro/libctru/lib/libcitro3d.a(effect.o)
                0x00104984                C3D_EarlyDepthTest
 .text.C3D_DepthTest
                0x001049a8       0x2c /opt/devkitpro/libctru/lib/libcitro3d.a(effect.o)
                0x001049a8                C3D_DepthTest
 .text.C3D_AlphaTest
                0x001049d4       0x2c /opt/devkitpro/libctru/lib/libcitro3d.a(effect.o)
                0x001049d4                C3D_AlphaTest
 .text.C3D_AlphaBlend
                0x00104a00       0x50 /opt/devkitpro/libctru/lib/libcitro3d.a(effect.o)
                0x00104a00                C3D_AlphaBlend
 .text.C3D_FragOpMode
                0x00104a50       0x30 /opt/devkitpro/libctru/lib/libcitro3d.a(effect.o)
                0x00104a50                C3D_FragOpMode
 .text.C3D_FragOpShadow
                0x00104a80       0x44 /opt/devkitpro/libctru/lib/libcitro3d.a(effect.o)
                0x00104a80                C3D_FragOpShadow
 .text.C3Di_EffectBind
                0x00104ac4      0x1ac /opt/devkitpro/libctru/lib/libcitro3d.a(effect.o)
                0x00104ac4                C3Di_EffectBind
 .text.C3D_CalcColorBufSize
                0x00104c70       0x1c /opt/devkitpro/libctru/lib/libcitro3d.a(framebuffer.o)
                0x00104c70                C3D_CalcColorBufSize
 .text.C3D_CalcDepthBufSize
                0x00104c8c       0x1c /opt/devkitpro/libctru/lib/libcitro3d.a(framebuffer.o)
                0x00104c8c                C3D_CalcDepthBufSize
 .text.C3D_SetFrameBuf
                0x00104ca8       0x44 /opt/devkitpro/libctru/lib/libcitro3d.a(framebuffer.o)
                0x00104ca8                C3D_SetFrameBuf
 .text.C3Di_FrameBufBind
                0x00104cec      0x16c /opt/devkitpro/libctru/lib/libcitro3d.a(framebuffer.o)
                0x00104cec                C3Di_FrameBufBind
 .text.C3D_FrameBufClear
                0x00104e58       0xc8 /opt/devkitpro/libctru/lib/libcitro3d.a(framebuffer.o)
                0x00104e58                C3D_FrameBufClear
 .text.C3D_FrameBufTransfer
                0x00104f20       0x44 /opt/devkitpro/libctru/lib/libcitro3d.a(framebuffer.o)
                0x00104f20                C3D_FrameBufTransfer
 .text.C3D_ImmSendAttrib
                0x00104f64       0xa8 /opt/devkitpro/libctru/lib/libcitro3d.a(immediate.o)
                0x00104f64                C3D_ImmSendAttrib
 .text.C3D_ProcTexInit
                0x0010500c       0x70 /opt/devkitpro/libctru/lib/libcitro3d.a(proctex.o)
                0x0010500c                C3D_ProcTexInit
 .text.C3D_ProcTexBind
                0x0010507c       0x54 /opt/devkitpro/libctru/lib/libcitro3d.a(proctex.o)
                0x0010507c                C3D_ProcTexBind
 .text.C3D_ProcTexLutBind
                0x001050d0       0x5c /opt/devkitpro/libctru/lib/libcitro3d.a(proctex.o)
                0x001050d0                C3D_ProcTexLutBind
 .text.ProcTexLut_FromArray
                0x0010512c       0xa4 /opt/devkitpro/libctru/lib/libcitro3d.a(proctex.o)
                0x0010512c                ProcTexLut_FromArray
 .text.C3Di_ProcTexUpdate
                0x001051d0      0x178 /opt/devkitpro/libctru/lib/libcitro3d.a(proctex.o)
                0x001051d0                C3Di_ProcTexUpdate
 .text.C3Di_ProcTexDirty
                0x00105348       0x68 /opt/devkitpro/libctru/lib/libcitro3d.a(proctex.o)
                0x00105348                C3Di_ProcTexDirty
 .text.onVBlank0
                0x001053b0       0x4c /opt/devkitpro/libctru/lib/libcitro3d.a(renderqueue.o)
 .text.onVBlank1
                0x001053fc       0x4c /opt/devkitpro/libctru/lib/libcitro3d.a(renderqueue.o)
 .text.C3Di_RenderTargetDestroy
                0x00105448       0x80 /opt/devkitpro/libctru/lib/libcitro3d.a(renderqueue.o)
 .text.onQueueFinish
                0x001054c8       0xf4 /opt/devkitpro/libctru/lib/libcitro3d.a(renderqueue.o)
 .text.C3Di_RenderQueueEnableVBlank
                0x001055bc       0x38 /opt/devkitpro/libctru/lib/libcitro3d.a(renderqueue.o)
                0x001055bc                C3Di_RenderQueueEnableVBlank
 .text.C3Di_RenderQueueDisableVBlank
                0x001055f4       0x30 /opt/devkitpro/libctru/lib/libcitro3d.a(renderqueue.o)
                0x001055f4                C3Di_RenderQueueDisableVBlank
 .text.C3Di_RenderQueueInit
                0x00105624       0x60 /opt/devkitpro/libctru/lib/libcitro3d.a(renderqueue.o)
                0x00105624                C3Di_RenderQueueInit
 .text.C3Di_RenderQueueExit
                0x00105684       0xb4 /opt/devkitpro/libctru/lib/libcitro3d.a(renderqueue.o)
                0x00105684                C3Di_RenderQueueExit
 .text.C3Di_RenderQueueWaitDone
                0x00105738       0x34 /opt/devkitpro/libctru/lib/libcitro3d.a(renderqueue.o)
                0x00105738                C3Di_RenderQueueWaitDone
 .text.C3D_FrameBegin
                0x0010576c       0xe8 /opt/devkitpro/libctru/lib/libcitro3d.a(renderqueue.o)
                0x0010576c                C3D_FrameBegin
 .text.C3D_FrameDrawOn
                0x00105854       0x48 /opt/devkitpro/libctru/lib/libcitro3d.a(renderqueue.o)
                0x00105854                C3D_FrameDrawOn
 .text.C3D_FrameSplit
                0x0010589c       0x58 /opt/devkitpro/libctru/lib/libcitro3d.a(renderqueue.o)
                0x0010589c                C3D_FrameSplit
 .text.C3D_FrameEnd
                0x001058f4      0x1d0 /opt/devkitpro/libctru/lib/libcitro3d.a(renderqueue.o)
                0x001058f4                C3D_FrameEnd
 .text.C3D_FrameEndHook
                0x00105ac4       0x1c /opt/devkitpro/libctru/lib/libcitro3d.a(renderqueue.o)
                0x00105ac4                C3D_FrameEndHook
 .text.C3D_GetDrawingTime
                0x00105ae0       0x18 /opt/devkitpro/libctru/lib/libcitro3d.a(renderqueue.o)
                0x00105ae0                C3D_GetDrawingTime
 .text.C3D_GetProcessingTime
                0x00105af8       0x18 /opt/devkitpro/libctru/lib/libcitro3d.a(renderqueue.o)
                0x00105af8                C3D_GetProcessingTime
 .text.C3D_RenderTargetCreate
                0x00105b10      0x170 /opt/devkitpro/libctru/lib/libcitro3d.a(renderqueue.o)
                0x00105b10                C3D_RenderTargetCreate
 .text.C3D_RenderTargetSetOutput
                0x00105c80       0xa8 /opt/devkitpro/libctru/lib/libcitro3d.a(renderqueue.o)
                0x00105c80                C3D_RenderTargetSetOutput
 .text.C3D_GetTexEnv
                0x00105d28       0x34 /opt/devkitpro/libctru/lib/libcitro3d.a(texenv.o)
                0x00105d28                C3D_GetTexEnv
 .text.C3Di_TexEnvBind
                0x00105d5c       0x24 /opt/devkitpro/libctru/lib/libcitro3d.a(texenv.o)
                0x00105d5c                C3Di_TexEnvBind
 .text.C3D_TexBind
                0x00105d80       0x44 /opt/devkitpro/libctru/lib/libcitro3d.a(texture.o)
                0x00105d80                C3D_TexBind
 .text.C3Di_SetTex
                0x00105dc4      0x14c /opt/devkitpro/libctru/lib/libcitro3d.a(texture.o)
                0x00105dc4                C3Di_SetTex
 .text.C3D_UpdateUniforms
                0x00105f10      0x290 /opt/devkitpro/libctru/lib/libcitro3d.a(uniforms.o)
                0x00105f10                C3D_UpdateUniforms
 .text.C3Di_DirtyUniforms
                0x001061a0       0xc0 /opt/devkitpro/libctru/lib/libcitro3d.a(uniforms.o)
                0x001061a0                C3Di_DirtyUniforms
 .text.C3Di_LoadShaderUniforms
                0x00106260       0xd8 /opt/devkitpro/libctru/lib/libcitro3d.a(uniforms.o)
                0x00106260                C3Di_LoadShaderUniforms
 .text.C3Di_ClearShaderUniforms
                0x00106338       0x28 /opt/devkitpro/libctru/lib/libcitro3d.a(uniforms.o)
                0x00106338                C3Di_ClearShaderUniforms
 .text.Mtx_Ortho
                0x00106360       0xcc /opt/devkitpro/libctru/lib/libcitro3d.a(mtx_ortho.o)
                0x00106360                Mtx_Ortho
 .text.Mtx_OrthoTilt
                0x0010642c       0xcc /opt/devkitpro/libctru/lib/libcitro3d.a(mtx_orthotilt.o)
                0x0010642c                Mtx_OrthoTilt
 .text._ZL21addrMapNodeComparatorPK11rbtree_nodeS1_
                0x001064f8       0x24 /opt/devkitpro/libctru/lib/libctru.a(linear.o)
 .text._ZL21addrMapNodeDestructorP11rbtree_node
                0x0010651c        0x4 /opt/devkitpro/libctru/lib/libctru.a(linear.o)
 .text.linearMemAlign
                0x00106520      0x12c /opt/devkitpro/libctru/lib/libctru.a(linear.o)
                0x00106520                linearMemAlign
 .text.linearAlloc
                0x0010664c        0x8 /opt/devkitpro/libctru/lib/libctru.a(linear.o)
                0x0010664c                linearAlloc
 .text.linearFree
                0x00106654       0x5c /opt/devkitpro/libctru/lib/libctru.a(linear.o)
                0x00106654                linearFree
 .text._ZN7MemPool13CoalesceRightEP8MemBlock
                0x001066b0       0x88 /opt/devkitpro/libctru/lib/libctru.a(mem_pool.o)
                0x001066b0                _ZN7MemPool13CoalesceRightEP8MemBlock
 .text._ZN7MemPool8AllocateER8MemChunkmi
                0x00106738      0x178 /opt/devkitpro/libctru/lib/libctru.a(mem_pool.o)
                0x00106738                _ZN7MemPool8AllocateER8MemChunkmi
 .text._ZN7MemPool10DeallocateERK8MemChunk
                0x001068b0      0x118 /opt/devkitpro/libctru/lib/libctru.a(mem_pool.o)
                0x001068b0                _ZN7MemPool10DeallocateERK8MemChunk
 .text._ZN7MemPool12GetFreeSpaceEv
                0x001069c8       0x30 /opt/devkitpro/libctru/lib/libctru.a(mem_pool.o)
                0x001069c8                _ZN7MemPool12GetFreeSpaceEv
 .text._ZL21addrMapNodeComparatorPK11rbtree_nodeS1_
                0x001069f8       0x24 /opt/devkitpro/libctru/lib/libctru.a(vram.o)
 .text._ZL21addrMapNodeDestructorP11rbtree_node
                0x00106a1c        0x4 /opt/devkitpro/libctru/lib/libctru.a(vram.o)
 .text.vramMemAlignAt
                0x00106a20      0x248 /opt/devkitpro/libctru/lib/libctru.a(vram.o)
                0x00106a20                vramMemAlignAt
 .text.vramAlloc
                0x00106c68        0xc /opt/devkitpro/libctru/lib/libctru.a(vram.o)
                0x00106c68                vramAlloc
 .text.vramAllocAt
                0x00106c74        0xc /opt/devkitpro/libctru/lib/libctru.a(vram.o)
                0x00106c74                vramAllocAt
 .text.vramFree
                0x00106c80       0x94 /opt/devkitpro/libctru/lib/libctru.a(vram.o)
                0x00106c80                vramFree
 .text.consoleDrawChar
                0x00106d14      0x1c8 /opt/devkitpro/libctru/lib/libctru.a(console.o)
                0x00106d14                consoleDrawChar
 .text.consolePrintChar
                0x00106edc      0x170 /opt/devkitpro/libctru/lib/libctru.a(console.o)
                0x00106edc                consolePrintChar
 .text.con_write
                0x0010704c      0xc40 /opt/devkitpro/libctru/lib/libctru.a(console.o)
                0x0010704c                con_write
 .text.newRow   0x00107c8c      0x110 /opt/devkitpro/libctru/lib/libctru.a(console.o)
 .text.consoleInit
                0x00107d9c      0x180 /opt/devkitpro/libctru/lib/libctru.a(console.o)
                0x00107d9c                consoleInit
 .text.fontEnsureMapped
                0x00107f1c       0x9c /opt/devkitpro/libctru/lib/libctru.a(font.o)
                0x00107f1c                fontEnsureMapped
 .text.fontFixPointers
                0x00107fb8       0x7c /opt/devkitpro/libctru/lib/libctru.a(font.o)
                0x00107fb8                fontFixPointers
 .text.fontGlyphIndexFromCodePoint
                0x00108034      0x100 /opt/devkitpro/libctru/lib/libctru.a(font.o)
                0x00108034                fontGlyphIndexFromCodePoint
 .text.fontCalcGlyphPos
                0x00108134      0x214 /opt/devkitpro/libctru/lib/libctru.a(font.o)
                0x00108134                fontCalcGlyphPos
 .text.gfxPresentFramebuffer
                0x00108348       0xcc /opt/devkitpro/libctru/lib/libctru.a(gfx.o)
 .text.gfxIsWide
                0x00108414       0x1c /opt/devkitpro/libctru/lib/libctru.a(gfx.o)
                0x00108414                gfxIsWide
 .text.gfxSetScreenFormat
                0x00108430       0xf8 /opt/devkitpro/libctru/lib/libctru.a(gfx.o)
                0x00108430                gfxSetScreenFormat
 .text.gfxSetDoubleBuffering
                0x00108528       0x10 /opt/devkitpro/libctru/lib/libctru.a(gfx.o)
                0x00108528                gfxSetDoubleBuffering
 .text.gfxInit  0x00108538       0xd8 /opt/devkitpro/libctru/lib/libctru.a(gfx.o)
                0x00108538                gfxInit
 .text.gfxInitDefault
                0x00108610       0x10 /opt/devkitpro/libctru/lib/libctru.a(gfx.o)
                0x00108610                gfxInitDefault
 .text.gfxExit  0x00108620       0xb8 /opt/devkitpro/libctru/lib/libctru.a(gfx.o)
                0x00108620                gfxExit
 .text.gfxGetFramebuffer
                0x001086d8       0xa0 /opt/devkitpro/libctru/lib/libctru.a(gfx.o)
                0x001086d8                gfxGetFramebuffer
 .text.gfxFlushBuffers
                0x00108778      0x100 /opt/devkitpro/libctru/lib/libctru.a(gfx.o)
                0x00108778                gfxFlushBuffers
 .text.gfxScreenSwapBuffers
                0x00108878       0x28 /opt/devkitpro/libctru/lib/libctru.a(gfx.o)
                0x00108878                gfxScreenSwapBuffers
 .text.gfxSwapBuffersGpu
                0x001088a0       0x50 /opt/devkitpro/libctru/lib/libctru.a(gfx.o)
                0x001088a0                gfxSwapBuffersGpu
 .text.osConvertVirtToPhys
                0x001088f0       0x74 /opt/devkitpro/libctru/lib/libctru.a(os.o)
                0x001088f0                osConvertVirtToPhys
 .text.osGetTimeRef
                0x00108964       0x54 /opt/devkitpro/libctru/lib/libctru.a(os.o)
                0x00108964                osGetTimeRef
 .text.osGetTime
                0x001089b8       0xec /opt/devkitpro/libctru/lib/libctru.a(os.o)
                0x001089b8                osGetTime
 *fill*         0x00108aa4        0x4 
 .text.osTickCounterRead
                0x00108aa8       0x38 /opt/devkitpro/libctru/lib/libctru.a(os.o)
                0x00108aa8                osTickCounterRead
 .text.__ctru_speedup_config
                0x00108ae0       0x34 /opt/devkitpro/libctru/lib/libctru.a(os.o)
                0x00108ae0                __ctru_speedup_config
 .text.romfs_close
                0x00108b14        0x8 /opt/devkitpro/libctru/lib/libctru.a(romfs_dev.o)
 .text.romfs_seek
                0x00108b1c       0xac /opt/devkitpro/libctru/lib/libctru.a(romfs_dev.o)
 .text.romfs_dirreset
                0x00108bc8       0x24 /opt/devkitpro/libctru/lib/libctru.a(romfs_dev.o)
 .text.fill_dir
                0x00108bec       0xc0 /opt/devkitpro/libctru/lib/libctru.a(romfs_dev.o)
 .text.romfs_dirnext
                0x00108cac      0x2ac /opt/devkitpro/libctru/lib/libctru.a(romfs_dev.o)
 .text.romfs_free
                0x00108f58       0x74 /opt/devkitpro/libctru/lib/libctru.a(romfs_dev.o)
 .text.searchForFile.constprop.0
                0x00108fcc       0xd0 /opt/devkitpro/libctru/lib/libctru.a(romfs_dev.o)
 .text.searchForDir.constprop.0
                0x0010909c       0xd4 /opt/devkitpro/libctru/lib/libctru.a(romfs_dev.o)
 .text.navigateToDir.constprop.0
                0x00109170      0x1c0 /opt/devkitpro/libctru/lib/libctru.a(romfs_dev.o)
 .text.romfs_open
                0x00109330      0x114 /opt/devkitpro/libctru/lib/libctru.a(romfs_dev.o)
 .text.romfs_chdir
                0x00109444       0x4c /opt/devkitpro/libctru/lib/libctru.a(romfs_dev.o)
 .text.romfs_diropen
                0x00109490       0x68 /opt/devkitpro/libctru/lib/libctru.a(romfs_dev.o)
 .text.romfs_stat
                0x001094f8      0x178 /opt/devkitpro/libctru/lib/libctru.a(romfs_dev.o)
 .text.romfs_dirclose
                0x00109670        0x8 /opt/devkitpro/libctru/lib/libctru.a(romfs_dev.o)
 .text.romfs_fstat
                0x00109678       0x7c /opt/devkitpro/libctru/lib/libctru.a(romfs_dev.o)
 .text.romfs_read
                0x001096f4       0xd0 /opt/devkitpro/libctru/lib/libctru.a(romfs_dev.o)
 .text.romfsMountFromFile
                0x001097c4      0x28c /opt/devkitpro/libctru/lib/libctru.a(romfs_dev.o)
                0x001097c4                romfsMountFromFile
 .text.romfsMountFromTitle
                0x00109a50       0xac /opt/devkitpro/libctru/lib/libctru.a(romfs_dev.o)
                0x00109a50                romfsMountFromTitle
 .text.romfsUnmount
                0x00109afc       0xa0 /opt/devkitpro/libctru/lib/libctru.a(romfs_dev.o)
                0x00109afc                romfsUnmount
 .text.GPUCMD_Add
                0x00109b9c      0x13c /opt/devkitpro/libctru/lib/libctru.a(gpu.o)
                0x00109b9c                GPUCMD_Add
 .text.GPUCMD_Split
                0x00109cd8       0xb0 /opt/devkitpro/libctru/lib/libctru.a(gpu.o)
                0x00109cd8                GPUCMD_Split
 .text.f32tof16
                0x00109d88       0x34 /opt/devkitpro/libctru/lib/libctru.a(gpu.o)
                0x00109d88                f32tof16
 .text.f32tof24
                0x00109dbc       0x34 /opt/devkitpro/libctru/lib/libctru.a(gpu.o)
                0x00109dbc                f32tof24
 .text.f32tof31
                0x00109df0       0x38 /opt/devkitpro/libctru/lib/libctru.a(gpu.o)
                0x00109df0                f32tof31
 .text.GX_BindQueue
                0x00109e28       0x10 /opt/devkitpro/libctru/lib/libctru.a(gx.o)
                0x00109e28                GX_BindQueue
 .text.GX_ProcessCommandList
                0x00109e38       0x7c /opt/devkitpro/libctru/lib/libctru.a(gx.o)
                0x00109e38                GX_ProcessCommandList
 .text.GX_MemoryFill
                0x00109eb4       0x74 /opt/devkitpro/libctru/lib/libctru.a(gx.o)
                0x00109eb4                GX_MemoryFill
 .text.GX_DisplayTransfer
                0x00109f28       0x74 /opt/devkitpro/libctru/lib/libctru.a(gx.o)
                0x00109f28                GX_DisplayTransfer
 .text.gxCmdQueueDoCommands.part.0
                0x00109f9c       0x64 /opt/devkitpro/libctru/lib/libctru.a(gxqueue.o)
 .text.gxCmdQueueInterrupt
                0x0010a000       0xe4 /opt/devkitpro/libctru/lib/libctru.a(gxqueue.o)
                0x0010a000                gxCmdQueueInterrupt
 .text.gxCmdQueueClear
                0x0010a0e4       0x68 /opt/devkitpro/libctru/lib/libctru.a(gxqueue.o)
                0x0010a0e4                gxCmdQueueClear
 .text.gxCmdQueueAdd
                0x0010a14c      0x108 /opt/devkitpro/libctru/lib/libctru.a(gxqueue.o)
                0x0010a14c                gxCmdQueueAdd
 .text.gxCmdQueueRun
                0x0010a254       0x80 /opt/devkitpro/libctru/lib/libctru.a(gxqueue.o)
                0x0010a254                gxCmdQueueRun
 .text.gxCmdQueueStop
                0x0010a2d4       0x64 /opt/devkitpro/libctru/lib/libctru.a(gxqueue.o)
                0x0010a2d4                gxCmdQueueStop
 .text.gxCmdQueueWait
                0x0010a338       0x8c /opt/devkitpro/libctru/lib/libctru.a(gxqueue.o)
                0x0010a338                gxCmdQueueWait
 .text.shaderInstanceInit
                0x0010a3c4      0x1e0 /opt/devkitpro/libctru/lib/libctru.a(shaderProgram.o)
                0x0010a3c4                shaderInstanceInit
 .text.shaderInstanceGetUniformLocation
                0x0010a5a4       0x18 /opt/devkitpro/libctru/lib/libctru.a(shaderProgram.o)
                0x0010a5a4                shaderInstanceGetUniformLocation
 .text.shaderProgramInit
                0x0010a5bc       0x1c /opt/devkitpro/libctru/lib/libctru.a(shaderProgram.o)
                0x0010a5bc                shaderProgramInit
 .text.shaderProgramFree
                0x0010a5d8       0x74 /opt/devkitpro/libctru/lib/libctru.a(shaderProgram.o)
                0x0010a5d8                shaderProgramFree
 .text.shaderProgramSetVsh
                0x0010a64c       0x94 /opt/devkitpro/libctru/lib/libctru.a(shaderProgram.o)
                0x0010a64c                shaderProgramSetVsh
 .text.shaderProgramConfigure
                0x0010a6e0      0x8d0 /opt/devkitpro/libctru/lib/libctru.a(shaderProgram.o)
                0x0010a6e0                shaderProgramConfigure
 .text.DVLE_GenerateOutmap.part.0
                0x0010afb0      0x1dc /opt/devkitpro/libctru/lib/libctru.a(shbin.o)
 .text.DVLB_ParseFile
                0x0010b18c      0x1ac /opt/devkitpro/libctru/lib/libctru.a(shbin.o)
                0x0010b18c                DVLB_ParseFile
 .text.DVLB_Free
                0x0010b338       0x50 /opt/devkitpro/libctru/lib/libctru.a(shbin.o)
                0x0010b338                DVLB_Free
 .text.DVLE_GetUniformRegister
                0x0010b388       0x74 /opt/devkitpro/libctru/lib/libctru.a(shbin.o)
                0x0010b388                DVLE_GetUniformRegister
 .text.aptConvertScreenForCapture
                0x0010b3fc      0x180 /opt/devkitpro/libctru/lib/libctru.a(apt.o)
 .text.aptDspSleep
                0x0010b57c        0x8 /opt/devkitpro/libctru/lib/libctru.a(apt.o)
                0x0010b57c                aptDspSleep
 .text.aptDspWakeup
                0x0010b584        0x4 /opt/devkitpro/libctru/lib/libctru.a(apt.o)
                0x0010b584                aptDspWakeup
 .text.aptDspCancel
                0x0010b588        0x4 /opt/devkitpro/libctru/lib/libctru.a(apt.o)
                0x0010b588                aptDspCancel
 .text.aptSendCommand
                0x0010b58c      0x138 /opt/devkitpro/libctru/lib/libctru.a(apt.o)
                0x0010b58c                aptSendCommand
 *fill*         0x0010b6c4        0x4 
 .text.aptExitProcess
                0x0010b6c8       0x44 /opt/devkitpro/libctru/lib/libctru.a(apt.o)
 .text.aptExit  0x0010b70c      0x394 /opt/devkitpro/libctru/lib/libctru.a(apt.o)
                0x0010b70c                aptExit
 .text.aptHandleSleep
                0x0010baa0       0xd8 /opt/devkitpro/libctru/lib/libctru.a(apt.o)
                0x0010baa0                aptHandleSleep
 .text.aptHook  0x0010bb78       0x34 /opt/devkitpro/libctru/lib/libctru.a(apt.o)
                0x0010bb78                aptHook
 .text.aptUnhook
                0x0010bbac       0x30 /opt/devkitpro/libctru/lib/libctru.a(apt.o)
                0x0010bbac                aptUnhook
 .text.APT_SleepIfShellClosed
                0x0010bbdc       0x84 /opt/devkitpro/libctru/lib/libctru.a(apt.o)
                0x0010bbdc                APT_SleepIfShellClosed
 .text.aptSetSleepAllowed
                0x0010bc60       0x78 /opt/devkitpro/libctru/lib/libctru.a(apt.o)
                0x0010bc60                aptSetSleepAllowed
 .text.APT_UnlockTransition
                0x0010bcd8       0x84 /opt/devkitpro/libctru/lib/libctru.a(apt.o)
                0x0010bcd8                APT_UnlockTransition
 *fill*         0x0010bd5c        0x4 
 .text.aptEventHandler
                0x0010bd60      0x470 /opt/devkitpro/libctru/lib/libctru.a(apt.o)
 .text.APT_ReceiveParameter
                0x0010c1d0       0xbc /opt/devkitpro/libctru/lib/libctru.a(apt.o)
                0x0010c1d0                APT_ReceiveParameter
 .text.aptReceiveParameter.constprop.0
                0x0010c28c       0xb0 /opt/devkitpro/libctru/lib/libctru.a(apt.o)
 *fill*         0x0010c33c        0x4 
 .text.aptScreenTransfer
                0x0010c340      0x294 /opt/devkitpro/libctru/lib/libctru.a(apt.o)
 .text.aptWaitForWakeUp.isra.0
                0x0010c5d4      0x2d0 /opt/devkitpro/libctru/lib/libctru.a(apt.o)
 .text.aptJumpToHomeMenu
                0x0010c8a4       0xf4 /opt/devkitpro/libctru/lib/libctru.a(apt.o)
                0x0010c8a4                aptJumpToHomeMenu
 .text.aptMainLoop
                0x0010c998       0x58 /opt/devkitpro/libctru/lib/libctru.a(apt.o)
                0x0010c998                aptMainLoop
 .text.aptInit  0x0010c9f0      0x240 /opt/devkitpro/libctru/lib/libctru.a(apt.o)
                0x0010c9f0                aptInit
 .text.APT_CheckNew3DS
                0x0010cc30       0x90 /opt/devkitpro/libctru/lib/libctru.a(apt.o)
                0x0010cc30                APT_CheckNew3DS
 .text.APT_GetSharedFont
                0x0010ccc0       0x48 /opt/devkitpro/libctru/lib/libctru.a(apt.o)
                0x0010ccc0                APT_GetSharedFont
 .text.CFGU_SecureInfoGetRegion
                0x0010cd08       0x38 /opt/devkitpro/libctru/lib/libctru.a(cfgu.o)
                0x0010cd08                CFGU_SecureInfoGetRegion
 .text.fsInit   0x0010cd40      0x104 /opt/devkitpro/libctru/lib/libctru.a(fs.o)
                0x0010cd40                fsInit
 .text.fsExit   0x0010ce44       0x3c /opt/devkitpro/libctru/lib/libctru.a(fs.o)
                0x0010ce44                fsExit
 .text.fsExemptFromSession
                0x0010ce80       0x68 /opt/devkitpro/libctru/lib/libctru.a(fs.o)
                0x0010ce80                fsExemptFromSession
 .text.fsUnexemptFromSession
                0x0010cee8       0x50 /opt/devkitpro/libctru/lib/libctru.a(fs.o)
                0x0010cee8                fsUnexemptFromSession
 .text.FSUSER_OpenFile
                0x0010cf38       0xcc /opt/devkitpro/libctru/lib/libctru.a(fs.o)
                0x0010cf38                FSUSER_OpenFile
 .text.FSUSER_OpenFileDirectly
                0x0010d004       0xcc /opt/devkitpro/libctru/lib/libctru.a(fs.o)
                0x0010d004                FSUSER_OpenFileDirectly
 .text.FSUSER_DeleteFile
                0x0010d0d0       0xb8 /opt/devkitpro/libctru/lib/libctru.a(fs.o)
                0x0010d0d0                FSUSER_DeleteFile
 .text.FSUSER_RenameFile
                0x0010d188       0xf4 /opt/devkitpro/libctru/lib/libctru.a(fs.o)
                0x0010d188                FSUSER_RenameFile
 .text.FSUSER_DeleteDirectory
                0x0010d27c       0xb8 /opt/devkitpro/libctru/lib/libctru.a(fs.o)
                0x0010d27c                FSUSER_DeleteDirectory
 .text.FSUSER_CreateFile
                0x0010d334       0xd0 /opt/devkitpro/libctru/lib/libctru.a(fs.o)
                0x0010d334                FSUSER_CreateFile
 .text.FSUSER_CreateDirectory
                0x0010d404       0xc0 /opt/devkitpro/libctru/lib/libctru.a(fs.o)
                0x0010d404                FSUSER_CreateDirectory
 .text.FSUSER_RenameDirectory
                0x0010d4c4       0xf4 /opt/devkitpro/libctru/lib/libctru.a(fs.o)
                0x0010d4c4                FSUSER_RenameDirectory
 .text.FSUSER_OpenDirectory
                0x0010d5b8       0xb4 /opt/devkitpro/libctru/lib/libctru.a(fs.o)
                0x0010d5b8                FSUSER_OpenDirectory
 .text.FSUSER_OpenArchive
                0x0010d66c       0x90 /opt/devkitpro/libctru/lib/libctru.a(fs.o)
                0x0010d66c                FSUSER_OpenArchive
 .text.FSUSER_CloseArchive
                0x0010d6fc       0x8c /opt/devkitpro/libctru/lib/libctru.a(fs.o)
                0x0010d6fc                FSUSER_CloseArchive
 .text.FSUSER_GetSdmcArchiveResource
                0x0010d788       0x74 /opt/devkitpro/libctru/lib/libctru.a(fs.o)
                0x0010d788                FSUSER_GetSdmcArchiveResource
 .text.FSUSER_IsSdmcWritable
                0x0010d7fc       0x64 /opt/devkitpro/libctru/lib/libctru.a(fs.o)
                0x0010d7fc                FSUSER_IsSdmcWritable
 .text.FSFILE_Read
                0x0010d860       0x64 /opt/devkitpro/libctru/lib/libctru.a(fs.o)
                0x0010d860                FSFILE_Read
 .text.FSFILE_Write
                0x0010d8c4       0x6c /opt/devkitpro/libctru/lib/libctru.a(fs.o)
                0x0010d8c4                FSFILE_Write
 .text.FSFILE_GetSize
                0x0010d930       0x44 /opt/devkitpro/libctru/lib/libctru.a(fs.o)
                0x0010d930                FSFILE_GetSize
 .text.FSFILE_SetSize
                0x0010d974       0x28 /opt/devkitpro/libctru/lib/libctru.a(fs.o)
                0x0010d974                FSFILE_SetSize
 .text.FSFILE_Close
                0x0010d99c       0x3c /opt/devkitpro/libctru/lib/libctru.a(fs.o)
                0x0010d99c                FSFILE_Close
 .text.FSFILE_Flush
                0x0010d9d8       0x24 /opt/devkitpro/libctru/lib/libctru.a(fs.o)
                0x0010d9d8                FSFILE_Flush
 .text.FSDIR_Read
                0x0010d9fc       0x60 /opt/devkitpro/libctru/lib/libctru.a(fs.o)
                0x0010d9fc                FSDIR_Read
 .text.FSDIR_Close
                0x0010da5c       0x3c /opt/devkitpro/libctru/lib/libctru.a(fs.o)
                0x0010da5c                FSDIR_Close
 .text.gspHardwareInit
                0x0010da98      0xc70 /opt/devkitpro/libctru/lib/libctru.a(gspgpu.o)
 .text.gspInit  0x0010e708      0x280 /opt/devkitpro/libctru/lib/libctru.a(gspgpu.o)
                0x0010e708                gspInit
 .text.gspExit  0x0010e988      0x110 /opt/devkitpro/libctru/lib/libctru.a(gspgpu.o)
                0x0010e988                gspExit
 .text.gspHasGpuRight
                0x0010ea98       0x10 /opt/devkitpro/libctru/lib/libctru.a(gspgpu.o)
                0x0010ea98                gspHasGpuRight
 .text.gspPresentBuffer
                0x0010eaa8       0xa4 /opt/devkitpro/libctru/lib/libctru.a(gspgpu.o)
                0x0010eaa8                gspPresentBuffer
 .text.gspSetEventCallback
                0x0010eb4c       0x30 /opt/devkitpro/libctru/lib/libctru.a(gspgpu.o)
                0x0010eb4c                gspSetEventCallback
 .text.gspWaitForEvent
                0x0010eb7c       0x50 /opt/devkitpro/libctru/lib/libctru.a(gspgpu.o)
                0x0010eb7c                gspWaitForEvent
 .text.gspWaitForAnyEvent
                0x0010ebcc       0x4c /opt/devkitpro/libctru/lib/libctru.a(gspgpu.o)
                0x0010ebcc                gspWaitForAnyEvent
 .text.gspEventThreadMain
                0x0010ec18      0x154 /opt/devkitpro/libctru/lib/libctru.a(gspgpu.o)
 .text.gspSubmitGxCommand
                0x0010ed6c      0x12c /opt/devkitpro/libctru/lib/libctru.a(gspgpu.o)
                0x0010ed6c                gspSubmitGxCommand
 .text.GSPGPU_FlushDataCache
                0x0010ee98       0x50 /opt/devkitpro/libctru/lib/libctru.a(gspgpu.o)
                0x0010ee98                GSPGPU_FlushDataCache
 .text.GSPGPU_SetLcdForceBlack
                0x0010eee8       0x34 /opt/devkitpro/libctru/lib/libctru.a(gspgpu.o)
                0x0010eee8                GSPGPU_SetLcdForceBlack
 .text.GSPGPU_AcquireRight
                0x0010ef1c       0x80 /opt/devkitpro/libctru/lib/libctru.a(gspgpu.o)
                0x0010ef1c                GSPGPU_AcquireRight
 .text.GSPGPU_ReleaseRight
                0x0010ef9c       0x5c /opt/devkitpro/libctru/lib/libctru.a(gspgpu.o)
                0x0010ef9c                GSPGPU_ReleaseRight
 .text.GSPGPU_ImportDisplayCaptureInfo
                0x0010eff8       0x7c /opt/devkitpro/libctru/lib/libctru.a(gspgpu.o)
                0x0010eff8                GSPGPU_ImportDisplayCaptureInfo
 .text.GSPGPU_SaveVramSysArea
                0x0010f074       0x2c /opt/devkitpro/libctru/lib/libctru.a(gspgpu.o)
                0x0010f074                GSPGPU_SaveVramSysArea
 .text.GSPGPU_RestoreVramSysArea
                0x0010f0a0       0x2c /opt/devkitpro/libctru/lib/libctru.a(gspgpu.o)
                0x0010f0a0                GSPGPU_RestoreVramSysArea
 .text.hidShouldUseIrrst
                0x0010f0cc       0x24 /opt/devkitpro/libctru/lib/libctru.a(hid.o)
                0x0010f0cc                hidShouldUseIrrst
 .text.hidInit  0x0010f0f0      0x1cc /opt/devkitpro/libctru/lib/libctru.a(hid.o)
                0x0010f0f0                hidInit
 .text.hidExit  0x0010f2bc       0xe8 /opt/devkitpro/libctru/lib/libctru.a(hid.o)
                0x0010f2bc                hidExit
 .text.hidScanInput
                0x0010f3a4      0x2a0 /opt/devkitpro/libctru/lib/libctru.a(hid.o)
                0x0010f3a4                hidScanInput
 .text.hidKeysHeld
                0x0010f644       0x10 /opt/devkitpro/libctru/lib/libctru.a(hid.o)
                0x0010f644                hidKeysHeld
 .text.hidKeysDown
                0x0010f654       0x10 /opt/devkitpro/libctru/lib/libctru.a(hid.o)
                0x0010f654                hidKeysDown
 .text.hidCircleRead
                0x0010f664       0x18 /opt/devkitpro/libctru/lib/libctru.a(hid.o)
                0x0010f664                hidCircleRead
 .text.irrstInit
                0x0010f67c      0x1a4 /opt/devkitpro/libctru/lib/libctru.a(irrst.o)
                0x0010f67c                irrstInit
 .text.irrstExit
                0x0010f820       0xdc /opt/devkitpro/libctru/lib/libctru.a(irrst.o)
                0x0010f820                irrstExit
 .text.irrstScanInput
                0x0010f8fc       0xb4 /opt/devkitpro/libctru/lib/libctru.a(irrst.o)
                0x0010f8fc                irrstScanInput
 .text.irrstKeysHeld
                0x0010f9b0       0x24 /opt/devkitpro/libctru/lib/libctru.a(irrst.o)
                0x0010f9b0                irrstKeysHeld
 .text.ptmSysmInit
                0x0010f9d4       0x78 /opt/devkitpro/libctru/lib/libctru.a(ptmsysm.o)
                0x0010f9d4                ptmSysmInit
 .text.ptmSysmExit
                0x0010fa4c       0x3c /opt/devkitpro/libctru/lib/libctru.a(ptmsysm.o)
                0x0010fa4c                ptmSysmExit
 .text.PTMSYSM_ConfigureNew3DSCPU
                0x0010fa88       0x34 /opt/devkitpro/libctru/lib/libctru.a(ptmsysm.o)
                0x0010fa88                PTMSYSM_ConfigureNew3DSCPU
 .text.buffer_read
                0x0010fabc       0xe0 /opt/devkitpro/libctru/lib/libctru.a(decompress.o)
 .text.iov_memmove
                0x0010fb9c      0x164 /opt/devkitpro/libctru/lib/libctru.a(decompress.o)
 .text.decompress_lz11
                0x0010fd00      0x418 /opt/devkitpro/libctru/lib/libctru.a(decompress.o)
 .text.decompressV_LZ11
                0x00110118      0x110 /opt/devkitpro/libctru/lib/libctru.a(decompress.o)
                0x00110118                decompressV_LZ11
 .text.rbtree_find
                0x00110228       0x74 /opt/devkitpro/libctru/lib/libctru.a(rbtree_find.o)
                0x00110228                rbtree_find
 .text.rbtree_init
                0x0011029c       0x10 /opt/devkitpro/libctru/lib/libctru.a(rbtree_init.o)
                0x0011029c                rbtree_init
 .text.do_insert
                0x001102ac      0x198 /opt/devkitpro/libctru/lib/libctru.a(rbtree_insert.o)
 .text.rbtree_insert
                0x00110444        0x8 /opt/devkitpro/libctru/lib/libctru.a(rbtree_insert.o)
                0x00110444                rbtree_insert
 .text.rbtree_remove
                0x0011044c      0x310 /opt/devkitpro/libctru/lib/libctru.a(rbtree_remove.o)
                0x0011044c                rbtree_remove
 .text.rbtree_rotate
                0x0011075c       0x90 /opt/devkitpro/libctru/lib/libctru.a(rbtree_rotate.o)
                0x0011075c                rbtree_rotate
 .text.decode_utf8
                0x001107ec      0x140 /opt/devkitpro/libctru/lib/libctru.a(decode_utf8.o)
                0x001107ec                decode_utf8
 .text.utf16_to_utf8
                0x0011092c       0xe8 /opt/devkitpro/libctru/lib/libctru.a(utf16_to_utf8.o)
                0x0011092c                utf16_to_utf8
 .text.utf8_to_utf16
                0x00110a14       0xc0 /opt/devkitpro/libctru/lib/libctru.a(utf8_to_utf16.o)
                0x00110a14                utf8_to_utf16
 *fill*         0x00110ad4        0x4 
 .text.__system_allocateHeaps
                0x00110ad8      0x1e8 /opt/devkitpro/libctru/lib/libctru.a(allocateHeaps.o)
                0x00110ad8                __system_allocateHeaps
 .text.__libctru_init
                0x00110cc0       0x38 /opt/devkitpro/libctru/lib/libctru.a(ctru_init.o)
                0x00110cc0                __libctru_init
 .text.__system_initArgv
                0x00110cf8      0x16c /opt/devkitpro/libctru/lib/libctru.a(initArgv.o)
                0x00110cf8                __system_initArgv
 .text.__syscall_getreent
                0x00110e64       0x30 /opt/devkitpro/libctru/lib/libctru.a(syscalls.o)
                0x00110e64                __syscall_getreent
 .text.__syscall_gettod_r
                0x00110e94       0x64 /opt/devkitpro/libctru/lib/libctru.a(syscalls.o)
                0x00110e94                __syscall_gettod_r
 .text.__syscall_lock_acquire
                0x00110ef8        0x4 /opt/devkitpro/libctru/lib/libctru.a(syscalls.o)
                0x00110ef8                __syscall_lock_acquire
 .text.__syscall_lock_release
                0x00110efc        0x4 /opt/devkitpro/libctru/lib/libctru.a(syscalls.o)
                0x00110efc                __syscall_lock_release
 .text.__syscall_lock_acquire_recursive
                0x00110f00        0x4 /opt/devkitpro/libctru/lib/libctru.a(syscalls.o)
                0x00110f00                __syscall_lock_acquire_recursive
 .text.__syscall_lock_release_recursive
                0x00110f04        0x4 /opt/devkitpro/libctru/lib/libctru.a(syscalls.o)
                0x00110f04                __syscall_lock_release_recursive
 .text.__syscall_exit
                0x00110f08        0x4 /opt/devkitpro/libctru/lib/libctru.a(syscalls.o)
                0x00110f08                __syscall_exit
 .text.initThreadVars
                0x00110f0c       0x54 /opt/devkitpro/libctru/lib/libctru.a(syscalls.o)
                0x00110f0c                initThreadVars
 .text.__system_initSyscalls
                0x00110f60       0x80 /opt/devkitpro/libctru/lib/libctru.a(syscalls.o)
                0x00110f60                __system_initSyscalls
 .text.svcControlMemory
                0x00110fe0       0x20 /opt/devkitpro/libctru/lib/libctru.a(svc.o)
                0x00110fe0                svcControlMemory
 .text.svcQueryMemory
                0x00111000       0x30 /opt/devkitpro/libctru/lib/libctru.a(svc.o)
                0x00111000                svcQueryMemory
 .text.svcExitProcess
                0x00111030        0x8 /opt/devkitpro/libctru/lib/libctru.a(svc.o)
                0x00111030                svcExitProcess
 .text.svcCreateThread
                0x00111038       0x20 /opt/devkitpro/libctru/lib/libctru.a(svc.o)
                0x00111038                svcCreateThread
 .text.svcExitThread
                0x00111058        0x8 /opt/devkitpro/libctru/lib/libctru.a(svc.o)
                0x00111058                svcExitThread
 .text.svcSleepThread
                0x00111060        0x8 /opt/devkitpro/libctru/lib/libctru.a(svc.o)
                0x00111060                svcSleepThread
 .text.svcReleaseMutex
                0x00111068        0x8 /opt/devkitpro/libctru/lib/libctru.a(svc.o)
                0x00111068                svcReleaseMutex
 .text.svcCreateEvent
                0x00111070       0x14 /opt/devkitpro/libctru/lib/libctru.a(svc.o)
                0x00111070                svcCreateEvent
 .text.svcSignalEvent
                0x00111084        0x8 /opt/devkitpro/libctru/lib/libctru.a(svc.o)
                0x00111084                svcSignalEvent
 .text.svcClearEvent
                0x0011108c        0x8 /opt/devkitpro/libctru/lib/libctru.a(svc.o)
                0x0011108c                svcClearEvent
 .text.svcMapMemoryBlock
                0x00111094        0x8 /opt/devkitpro/libctru/lib/libctru.a(svc.o)
                0x00111094                svcMapMemoryBlock
 .text.svcUnmapMemoryBlock
                0x0011109c        0x8 /opt/devkitpro/libctru/lib/libctru.a(svc.o)
                0x0011109c                svcUnmapMemoryBlock
 .text.svcCreateAddressArbiter
                0x001110a4       0x14 /opt/devkitpro/libctru/lib/libctru.a(svc.o)
                0x001110a4                svcCreateAddressArbiter
 .text.svcArbitrateAddressNoTimeout
                0x001110b8        0x8 /opt/devkitpro/libctru/lib/libctru.a(svc.o)
                0x001110b8                svcArbitrateAddressNoTimeout
 .text.svcCloseHandle
                0x001110c0        0x8 /opt/devkitpro/libctru/lib/libctru.a(svc.o)
                0x001110c0                svcCloseHandle
 .text.svcWaitSynchronization
                0x001110c8        0x8 /opt/devkitpro/libctru/lib/libctru.a(svc.o)
                0x001110c8                svcWaitSynchronization
 .text.svcWaitSynchronizationN
                0x001110d0       0x28 /opt/devkitpro/libctru/lib/libctru.a(svc.o)
                0x001110d0                svcWaitSynchronizationN
 .text.svcDuplicateHandle
                0x001110f8       0x14 /opt/devkitpro/libctru/lib/libctru.a(svc.o)
                0x001110f8                svcDuplicateHandle
 .text.svcGetSystemTick
                0x0011110c        0x8 /opt/devkitpro/libctru/lib/libctru.a(svc.o)
                0x0011110c                svcGetSystemTick
 .text.svcConnectToPort
                0x00111114       0x14 /opt/devkitpro/libctru/lib/libctru.a(svc.o)
                0x00111114                svcConnectToPort
 .text.svcSendSyncRequest
                0x00111128        0x8 /opt/devkitpro/libctru/lib/libctru.a(svc.o)
                0x00111128                svcSendSyncRequest
 .text.svcGetResourceLimit
                0x00111130       0x14 /opt/devkitpro/libctru/lib/libctru.a(svc.o)
                0x00111130                svcGetResourceLimit
 .text.svcGetResourceLimitLimitValues
                0x00111144        0x8 /opt/devkitpro/libctru/lib/libctru.a(svc.o)
                0x00111144                svcGetResourceLimitLimitValues
 .text.svcGetResourceLimitCurrentValues
                0x0011114c        0x8 /opt/devkitpro/libctru/lib/libctru.a(svc.o)
                0x0011114c                svcGetResourceLimitCurrentValues
 .text.svcBreak
                0x00111154        0x8 /opt/devkitpro/libctru/lib/libctru.a(svc.o)
                0x00111154                svcBreak
 .text.__aeabi_read_tp
                0x0011115c        0xc /opt/devkitpro/libctru/lib/libctru.a(readtp.o)
                0x0011115c                __aeabi_read_tp
 .text.initSystem
                0x00111168       0x50 /opt/devkitpro/libctru/lib/libctru.a(stack_adjust.o)
                0x00111168                initSystem
 .text.__ctru_exit
                0x001111b8       0x14 /opt/devkitpro/libctru/lib/libctru.a(stack_adjust.o)
                0x001111b8                __ctru_exit
 .text.envGetHandle
                0x001111cc       0x8c /opt/devkitpro/libctru/lib/libctru.a(env.o)
                0x001111cc                envGetHandle
 .text.envDestroyHandles
                0x00111258       0x50 /opt/devkitpro/libctru/lib/libctru.a(env.o)
                0x00111258                envDestroyHandles
 .text.srvInit  0x001112a8      0x164 /opt/devkitpro/libctru/lib/libctru.a(srv.o)
                0x001112a8                srvInit
 .text.srvExit  0x0011140c       0x64 /opt/devkitpro/libctru/lib/libctru.a(srv.o)
                0x0011140c                srvExit
 .text.srvEnableNotification
                0x00111470       0x60 /opt/devkitpro/libctru/lib/libctru.a(srv.o)
                0x00111470                srvEnableNotification
 .text.srvGetServiceHandleDirect
                0x001114d0       0xa0 /opt/devkitpro/libctru/lib/libctru.a(srv.o)
                0x001114d0                srvGetServiceHandleDirect
 .text.srvGetServiceHandle
                0x00111570       0x48 /opt/devkitpro/libctru/lib/libctru.a(srv.o)
                0x00111570                srvGetServiceHandle
 .text.srvSubscribe
                0x001115b8       0x34 /opt/devkitpro/libctru/lib/libctru.a(srv.o)
                0x001115b8                srvSubscribe
 .text.srvReceiveNotification
                0x001115ec       0x60 /opt/devkitpro/libctru/lib/libctru.a(srv.o)
                0x001115ec                srvReceiveNotification
 .text.srvPublishToSubscriber
                0x0011164c       0x38 /opt/devkitpro/libctru/lib/libctru.a(srv.o)
                0x0011164c                srvPublishToSubscriber
 .text.__sync_init
                0x00111684        0xc /opt/devkitpro/libctru/lib/libctru.a(synchronization.o)
                0x00111684                __sync_init
 .text.__sync_fini
                0x00111690       0x18 /opt/devkitpro/libctru/lib/libctru.a(synchronization.o)
                0x00111690                __sync_fini
 .text.syncArbitrateAddress
                0x001116a8       0x28 /opt/devkitpro/libctru/lib/libctru.a(synchronization.o)
                0x001116a8                syncArbitrateAddress
 .text.LightLock_Lock
                0x001116d0       0xac /opt/devkitpro/libctru/lib/libctru.a(synchronization.o)
                0x001116d0                LightLock_Lock
 .text.LightLock_Unlock
                0x0011177c       0x40 /opt/devkitpro/libctru/lib/libctru.a(synchronization.o)
                0x0011177c                LightLock_Unlock
 .text.RecursiveLock_Lock
                0x001117bc       0x54 /opt/devkitpro/libctru/lib/libctru.a(synchronization.o)
                0x001117bc                RecursiveLock_Lock
 .text.RecursiveLock_Unlock
                0x00111810       0x54 /opt/devkitpro/libctru/lib/libctru.a(synchronization.o)
                0x00111810                RecursiveLock_Unlock
 .text.LightEvent_Init
                0x00111864       0x44 /opt/devkitpro/libctru/lib/libctru.a(synchronization.o)
                0x00111864                LightEvent_Init
 .text.LightEvent_Clear
                0x001118a8       0xb8 /opt/devkitpro/libctru/lib/libctru.a(synchronization.o)
                0x001118a8                LightEvent_Clear
 .text.LightEvent_Signal
                0x00111960       0xdc /opt/devkitpro/libctru/lib/libctru.a(synchronization.o)
                0x00111960                LightEvent_Signal
 .text.LightEvent_TryWait
                0x00111a3c       0x50 /opt/devkitpro/libctru/lib/libctru.a(synchronization.o)
                0x00111a3c                LightEvent_TryWait
 .text.LightEvent_Wait
                0x00111a8c       0xac /opt/devkitpro/libctru/lib/libctru.a(synchronization.o)
                0x00111a8c                LightEvent_Wait
 .text.threadCreate
                0x00111b38      0x1fc /opt/devkitpro/libctru/lib/libctru.a(thread.o)
                0x00111b38                threadCreate
 .text.threadFree
                0x00111d34       0x38 /opt/devkitpro/libctru/lib/libctru.a(thread.o)
                0x00111d34                threadFree
 .text.threadJoin
                0x00111d6c       0x24 /opt/devkitpro/libctru/lib/libctru.a(thread.o)
                0x00111d6c                threadJoin
 .text.threadGetCurrent
                0x00111d90       0x30 /opt/devkitpro/libctru/lib/libctru.a(thread.o)
                0x00111d90                threadGetCurrent
 .text.threadExit
                0x00111dc0       0x40 /opt/devkitpro/libctru/lib/libctru.a(thread.o)
                0x00111dc0                threadExit
 .text._thread_begin
                0x00111e00       0x20 /opt/devkitpro/libctru/lib/libctru.a(thread.o)
 .text.mappableFindAddressWithin
                0x00111e20       0x90 /opt/devkitpro/libctru/lib/libctru.a(mappable.o)
 .text.mappableInit
                0x00111eb0       0x28 /opt/devkitpro/libctru/lib/libctru.a(mappable.o)
                0x00111eb0                mappableInit
 .text.mappableAlloc
                0x00111ed8       0x7c /opt/devkitpro/libctru/lib/libctru.a(mappable.o)
                0x00111ed8                mappableAlloc
 .text.mappableFree
                0x00111f54        0x4 /opt/devkitpro/libctru/lib/libctru.a(mappable.o)
                0x00111f54                mappableFree
 .text.srvPmGetSessionHandle
                0x00111f58        0xc /opt/devkitpro/libctru/lib/libctru.a(srvpm.o)
                0x00111f58                srvPmGetSessionHandle
 .text.rbtree_node_next
                0x00111f64       0x60 /opt/devkitpro/libctru/lib/libctru.a(rbtree_iterator.o)
                0x00111f64                rbtree_node_next
 .text.decode_utf16
                0x00111fc4       0x54 /opt/devkitpro/libctru/lib/libctru.a(decode_utf16.o)
                0x00111fc4                decode_utf16
 .text.encode_utf16
                0x00112018       0x54 /opt/devkitpro/libctru/lib/libctru.a(encode_utf16.o)
                0x00112018                encode_utf16
 .text.encode_utf8
                0x0011206c       0xe0 /opt/devkitpro/libctru/lib/libctru.a(encode_utf8.o)
                0x0011206c                encode_utf8
 .text.__appExit
                0x0011214c       0x30 /opt/devkitpro/libctru/lib/libctru.a(appExit.o)
                0x0011214c                __appExit
 .text.__appInit
                0x0011217c       0x30 /opt/devkitpro/libctru/lib/libctru.a(appInit.o)
                0x0011217c                __appInit
 .text.__libctru_exit
                0x001121ac       0x90 /opt/devkitpro/libctru/lib/libctru.a(ctru_exit.o)
                0x001121ac                __libctru_exit
 .text.archive_link
                0x0011223c       0x14 /opt/devkitpro/libctru/lib/libctru.a(archive_dev.o)
 .text.archive_dirreset
                0x00112250       0x14 /opt/devkitpro/libctru/lib/libctru.a(archive_dev.o)
 .text.archive_chmod
                0x00112264       0x14 /opt/devkitpro/libctru/lib/libctru.a(archive_dev.o)
 .text.error_cmp
                0x00112278       0x24 /opt/devkitpro/libctru/lib/libctru.a(archive_dev.o)
 .text.archive_translate_error
                0x0011229c       0x50 /opt/devkitpro/libctru/lib/libctru.a(archive_dev.o)
 .text.archive_seek
                0x001122ec       0xc0 /opt/devkitpro/libctru/lib/libctru.a(archive_dev.o)
 .text._archiveInit.part.0
                0x001123ac       0x78 /opt/devkitpro/libctru/lib/libctru.a(archive_dev.o)
 .text.archiveFindDevice.part.0
                0x00112424       0xd4 /opt/devkitpro/libctru/lib/libctru.a(archive_dev.o)
 .text.archive_utf16path
                0x001124f8      0x298 /opt/devkitpro/libctru/lib/libctru.a(archive_dev.o)
 .text._archiveUnmountDeviceStruct.part.0
                0x00112790       0x98 /opt/devkitpro/libctru/lib/libctru.a(archive_dev.o)
 .text.archive_statvfs
                0x00112828       0x14 /opt/devkitpro/libctru/lib/libctru.a(archive_dev.o)
 .text.archive_fchmod
                0x0011283c       0x14 /opt/devkitpro/libctru/lib/libctru.a(archive_dev.o)
 .text._archiveMountDevice
                0x00112850      0x178 /opt/devkitpro/libctru/lib/libctru.a(archive_dev.o)
 .text.archive_diropen
                0x001129c8       0xf8 /opt/devkitpro/libctru/lib/libctru.a(archive_dev.o)
 .text.archive_fstat
                0x00112ac0       0xac /opt/devkitpro/libctru/lib/libctru.a(archive_dev.o)
 .text.archive_fsync
                0x00112b6c       0x74 /opt/devkitpro/libctru/lib/libctru.a(archive_dev.o)
 .text.archive_close
                0x00112be0       0x74 /opt/devkitpro/libctru/lib/libctru.a(archive_dev.o)
 .text.archive_dirclose
                0x00112c54       0x78 /opt/devkitpro/libctru/lib/libctru.a(archive_dev.o)
 .text.sdmc_statvfs
                0x00112ccc       0xec /opt/devkitpro/libctru/lib/libctru.a(archive_dev.o)
 .text.archive_chdir
                0x00112db8       0xf8 /opt/devkitpro/libctru/lib/libctru.a(archive_dev.o)
 .text.archive_ftruncate
                0x00112eb0       0x8c /opt/devkitpro/libctru/lib/libctru.a(archive_dev.o)
 .text.archive_read
                0x00112f3c       0xbc /opt/devkitpro/libctru/lib/libctru.a(archive_dev.o)
 .text.archive_unlink
                0x00112ff8       0xa8 /opt/devkitpro/libctru/lib/libctru.a(archive_dev.o)
 .text.archive_rmdir
                0x001130a0       0xc0 /opt/devkitpro/libctru/lib/libctru.a(archive_dev.o)
 .text.archive_mkdir
                0x00113160       0xd8 /opt/devkitpro/libctru/lib/libctru.a(archive_dev.o)
 .text.archive_stat
                0x00113238      0x1a0 /opt/devkitpro/libctru/lib/libctru.a(archive_dev.o)
 .text.archive_dirnext
                0x001133d8      0x164 /opt/devkitpro/libctru/lib/libctru.a(archive_dev.o)
 .text.archive_write
                0x0011353c      0x13c /opt/devkitpro/libctru/lib/libctru.a(archive_dev.o)
 .text.archive_open
                0x00113678      0x254 /opt/devkitpro/libctru/lib/libctru.a(archive_dev.o)
 .text.archive_rename
                0x001138cc      0x270 /opt/devkitpro/libctru/lib/libctru.a(archive_dev.o)
 .text.archiveMountSdmc
                0x00113b3c      0x1c8 /opt/devkitpro/libctru/lib/libctru.a(archive_dev.o)
                0x00113b3c                archiveMountSdmc
 .text.archiveUnmountAll
                0x00113d04       0x54 /opt/devkitpro/libctru/lib/libctru.a(archive_dev.o)
                0x00113d04                archiveUnmountAll
 .text.ceilf    0x00113d58       0xc0 /opt/devkitpro/devkitARM/lib/gcc/arm-none-eabi/15.2.0/../../../../arm-none-eabi/lib/armv6k/fpu/libm.a(libm_a-sf_ceil.o)
                0x00113d58                ceilf
 .text.__udivmoddi4
                0x00113e18      0x130 /opt/devkitpro/devkitARM/lib/gcc/arm-none-eabi/15.2.0/armv6k/fpu/libgcc.a(_udivmoddi4.o)
                0x00113e18                __udivmoddi4
 .text.strncmp  0x00113f48       0xd8 /opt/devkitpro/devkitARM/lib/gcc/arm-none-eabi/15.2.0/../../../../arm-none-eabi/lib/armv6k/fpu/libg.a(libc_a-strncmp.o)
                0x00113f48                strncmp
 .text.strchr   0x00114020      0x140 /opt/devkitpro/devkitARM/lib/gcc/arm-none-eabi/15.2.0/../../../../arm-none-eabi/lib/armv6k/fpu/libg.a(libc_a-strchr.o)
                0x00114020                strchr
 .text._fclose_r
                0x00114160      0x144 /opt/devkitpro/devkitARM/lib/gcc/arm-none-eabi/15.2.0/../../../../arm-none-eabi/lib/armv6k/fpu/libg.a(libc_a-fclose.o)
                0x00114160                _fclose_r
 .text.fclose   0x001142a4       0x20 /opt/devkitpro/devkitARM/lib/gcc/arm-none-eabi/15.2.0/../../../../arm-none-eabi/lib/armv6k/fpu/libg.a(libc_a-fclose.o)
                0x001142a4                fclose
 .text.strlen   0x001142c4       0x8c /opt/devkitpro/devkitARM/lib/gcc/arm-none-eabi/15.2.0/../../../../arm-none-eabi/lib/armv6k/fpu/libg.a(libc_a-strlen.o)
                0x001142c4                strlen
 .text.memcmp   0x00114350       0xd8 /opt/devkitpro/devkitARM/lib/gcc/arm-none-eabi/15.2.0/../../../../arm-none-eabi/lib/armv6k/fpu/libg.a(libc_a-memcmp.o)
                0x00114350                memcmp
 .text.stdio_exit_handler
                0x00114428       0x1c /opt/devkitpro/devkitARM/lib/gcc/arm-none-eabi/15.2.0/../../../../arm-none-eabi/lib/armv6k/fpu/libg.a(libc_a-findfp.o)
 .text.cleanup_stdio
                0x00114444       0x5c /opt/devkitpro/devkitARM/lib/gcc/arm-none-eabi/15.2.0/../../../../arm-none-eabi/lib/armv6k/fpu/libg.a(libc_a-findfp.o)
 .text.global_stdio_init.part.0
                0x001144a0      0x154 /opt/devkitpro/devkitARM/lib/gcc/arm-none-eabi/15.2.0/../../../../arm-none-eabi/lib/armv6k/fpu/libg.a(libc_a-findfp.o)
 .text.__sfp    0x001145f4      0x138 /opt/devkitpro/devkitARM/lib/gcc/arm-none-eabi/15.2.0/../../../../arm-none-eabi/lib/armv6k/fpu/libg.a(libc_a-findfp.o)
                0x001145f4                __sfp
 .text.__sinit  0x0011472c       0x5c /opt/devkitpro/devkitARM/lib/gcc/arm-none-eabi/15.2.0/../../../../arm-none-eabi/lib/armv6k/fpu/libg.a(libc_a-findfp.o)
                0x0011472c                __sinit
 .text.__sfp_lock_acquire
                0x00114788        0xc /opt/devkitpro/devkitARM/lib/gcc/arm-none-eabi/15.2.0/../../../../arm-none-eabi/lib/armv6k/fpu/libg.a(libc_a-findfp.o)
                0x00114788                __sfp_lock_acquire
 .text.__sfp_lock_release
                0x00114794        0xc /opt/devkitpro/devkitARM/lib/gcc/arm-none-eabi/15.2.0/../../../../arm-none-eabi/lib/armv6k/fpu/libg.a(libc_a-findfp.o)
                0x00114794                __sfp_lock_release
 .text._strtoul_l.isra.0
                0x001147a0      0x1ec /opt/devkitpro/devkitARM/lib/gcc/arm-none-eabi/15.2.0/../../../../arm-none-eabi/lib/armv6k/fpu/libg.a(libc_a-strtoul.o)
 .text.strtoul  0x0011498c       0x3c /opt/devkitpro/devkitARM/lib/gcc/arm-none-eabi/15.2.0/../../../../arm-none-eabi/lib/armv6k/fpu/libg.a(libc_a-strtoul.o)
                0x0011498c                strtoul
 .text.__libc_init_array
                0x001149c8       0x84 /opt/devkitpro/devkitARM/lib/gcc/arm-none-eabi/15.2.0/../../../../arm-none-eabi/lib/armv6k/fpu/libg.a(libc_a-init.o)
                0x001149c8                __libc_init_array
 .text.strncat  0x00114a4c       0x9c /opt/devkitpro/devkitARM/lib/gcc/arm-none-eabi/15.2.0/../../../../arm-none-eabi/lib/armv6k/fpu/libg.a(libc_a-strncat.o)
                0x00114a4c                strncat
 .text._fwalk_sglue
                0x00114ae8       0x70 /opt/devkitpro/devkitARM/lib/gcc/arm-none-eabi/15.2.0/../../../../arm-none-eabi/lib/armv6k/fpu/libg.a(libc_a-fwalk.o)
                0x00114ae8                _fwalk_sglue
 .text.bsearch  0x00114b58       0x78 /opt/devkitpro/devkitARM/lib/gcc/arm-none-eabi/15.2.0/../../../../arm-none-eabi/lib/armv6k/fpu/libg.a(libc_a-bsearch.o)
                0x00114b58                bsearch
 .text.__errno  0x00114bd0        0xc /opt/devkitpro/devkitARM/lib/gcc/arm-none-eabi/15.2.0/../../../../arm-none-eabi/lib/armv6k/fpu/libg.a(libc_a-errno.o)
                0x00114bd0                __errno
 .text.calloc   0x00114bdc       0x28 /opt/devkitpro/devkitARM/lib/gcc/arm-none-eabi/15.2.0/../../../../arm-none-eabi/lib/armv6k/fpu/libg.a(libc_a-calloc.o)
                0x00114bdc                calloc
 .text.qsort    0x00114c04      0x8e8 /opt/devkitpro/devkitARM/lib/gcc/arm-none-eabi/15.2.0/../../../../arm-none-eabi/lib/armv6k/fpu/libg.a(libc_a-qsort.o)
                0x00114c04                qsort
 .text._calloc_r
                0x001154ec       0xd8 /opt/devkitpro/devkitARM/lib/gcc/arm-none-eabi/15.2.0/../../../../arm-none-eabi/lib/armv6k/fpu/libg.a(libc_a-callocr.o)
                0x001154ec                _calloc_r
 .text._fseek_r
                0x001155c4       0x1c /opt/devkitpro/devkitARM/lib/gcc/arm-none-eabi/15.2.0/../../../../arm-none-eabi/lib/armv6k/fpu/libg.a(libc_a-fseek.o)
                0x001155c4                _fseek_r
 .text.fseek    0x001155e0       0x34 /opt/devkitpro/devkitARM/lib/gcc/arm-none-eabi/15.2.0/../../../../arm-none-eabi/lib/armv6k/fpu/libg.a(libc_a-fseek.o)
                0x001155e0                fseek
 .text.memalign
                0x00115614       0x28 /opt/devkitpro/devkitARM/lib/gcc/arm-none-eabi/15.2.0/../../../../arm-none-eabi/lib/armv6k/fpu/libg.a(libc_a-malign.o)
                0x00115614                memalign
 .text._malloc_r
                0x0011563c      0x82c /opt/devkitpro/devkitARM/lib/gcc/arm-none-eabi/15.2.0/../../../../arm-none-eabi/lib/armv6k/fpu/libg.a(libc_a-mallocr.o)
                0x0011563c                _malloc_r
 .text._malloc_trim_r
                0x00115e68      0x114 /opt/devkitpro/devkitARM/lib/gcc/arm-none-eabi/15.2.0/../../../../arm-none-eabi/lib/armv6k/fpu/libg.a(libc_a-freer.o)
                0x00115e68                _malloc_trim_r
 .text._free_r  0x00115f7c      0x314 /opt/devkitpro/devkitARM/lib/gcc/arm-none-eabi/15.2.0/../../../../arm-none-eabi/lib/armv6k/fpu/libg.a(libc_a-freer.o)
                0x00115f7c                _free_r
 .text.snprintf
                0x00116290       0xa0 /opt/devkitpro/devkitARM/lib/gcc/arm-none-eabi/15.2.0/../../../../arm-none-eabi/lib/armv6k/fpu/libg.a(libc_a-snprintf.o)
                0x00116290                snprintf
 .text.get_arg  0x00116330      0x5e0 /opt/devkitpro/devkitARM/lib/gcc/arm-none-eabi/15.2.0/../../../../arm-none-eabi/lib/armv6k/fpu/libg.a(libc_a-svfprintf.o)
 .text._svfprintf_r
                0x00116910     0x345c /opt/devkitpro/devkitARM/lib/gcc/arm-none-eabi/15.2.0/../../../../arm-none-eabi/lib/armv6k/fpu/libg.a(libc_a-svfprintf.o)
                0x00116910                _svfprintf_r
 .text.printf   0x00119d6c       0x34 /opt/devkitpro/devkitARM/lib/gcc/arm-none-eabi/15.2.0/../../../../arm-none-eabi/lib/armv6k/fpu/libg.a(libc_a-printf.o)
                0x00119d6c                printf
 .text.rewind   0x00119da0       0x2c /opt/devkitpro/devkitARM/lib/gcc/arm-none-eabi/15.2.0/../../../../arm-none-eabi/lib/armv6k/fpu/libg.a(libc_a-rewind.o)
                0x00119da0                rewind
 .text.strnlen  0x00119dcc       0x3c /opt/devkitpro/devkitARM/lib/gcc/arm-none-eabi/15.2.0/../../../../arm-none-eabi/lib/armv6k/fpu/libg.a(libc_a-strnlen.o)
                0x00119dcc                strnlen
 .text.malloc   0x00119e08       0x40 /opt/devkitpro/devkitARM/lib/gcc/arm-none-eabi/15.2.0/../../../../arm-none-eabi/lib/armv6k/fpu/libg.a(libc_a-malloc.o)
                0x00119e08                malloc
 .text.free     0x00119e48       0x20 /opt/devkitpro/devkitARM/lib/gcc/arm-none-eabi/15.2.0/../../../../arm-none-eabi/lib/armv6k/fpu/libg.a(libc_a-malloc.o)
                0x00119e48                free
 .text.__sflush_r
                0x00119e68      0x22c /opt/devkitpro/devkitARM/lib/gcc/arm-none-eabi/15.2.0/../../../../arm-none-eabi/lib/armv6k/fpu/libg.a(libc_a-fflush.o)
                0x00119e68                __sflush_r
 .text._fflush_r
                0x0011a094       0xc4 /opt/devkitpro/devkitARM/lib/gcc/arm-none-eabi/15.2.0/../../../../arm-none-eabi/lib/armv6k/fpu/libg.a(libc_a-fflush.o)
                0x0011a094                _fflush_r
 .text.time     0x0011a158       0x48 /opt/devkitpro/devkitARM/lib/gcc/arm-none-eabi/15.2.0/../../../../arm-none-eabi/lib/armv6k/fpu/libg.a(libc_a-time.o)
                0x0011a158                time
 .text.memset   0x0011a1a0       0xe4 /opt/devkitpro/devkitARM/lib/gcc/arm-none-eabi/15.2.0/../../../../arm-none-eabi/lib/armv6k/fpu/libg.a(libc_a-memset.o)
                0x0011a1a0                memset
 .text._realloc_r
                0x0011a284      0x4f0 /opt/devkitpro/devkitARM/lib/gcc/arm-none-eabi/15.2.0/../../../../arm-none-eabi/lib/armv6k/fpu/libg.a(libc_a-reallocr.o)
                0x0011a284                _realloc_r
 .text._fread_r
                0x0011a774      0x334 /opt/devkitpro/devkitARM/lib/gcc/arm-none-eabi/15.2.0/../../../../arm-none-eabi/lib/armv6k/fpu/libg.a(libc_a-fread.o)
                0x0011a774                _fread_r
 .text.fread    0x0011aaa8       0x38 /opt/devkitpro/devkitARM/lib/gcc/arm-none-eabi/15.2.0/../../../../arm-none-eabi/lib/armv6k/fpu/libg.a(libc_a-fread.o)
                0x0011aaa8                fread
 .text.__malloc_lock
                0x0011aae0        0xc /opt/devkitpro/devkitARM/lib/gcc/arm-none-eabi/15.2.0/../../../../arm-none-eabi/lib/armv6k/fpu/libg.a(libc_a-mlock.o)
                0x0011aae0                __malloc_lock
 .text.__malloc_unlock
                0x0011aaec        0xc /opt/devkitpro/devkitARM/lib/gcc/arm-none-eabi/15.2.0/../../../../arm-none-eabi/lib/armv6k/fpu/libg.a(libc_a-mlock.o)
                0x0011aaec                __malloc_unlock
 .text.__call_exitprocs
                0x0011aaf8        0x4 /opt/devkitpro/devkitARM/lib/gcc/arm-none-eabi/15.2.0/../../../../arm-none-eabi/lib/armv6k/fpu/libg.a(libc_a-exit.o)
                0x0011aaf8                __call_exitprocs
 .text.exit     0x0011aafc       0x30 /opt/devkitpro/devkitARM/lib/gcc/arm-none-eabi/15.2.0/../../../../arm-none-eabi/lib/armv6k/fpu/libg.a(libc_a-exit.o)
                0x0011aafc                exit
 .text.setvbuf  0x0011ab2c      0x294 /opt/devkitpro/devkitARM/lib/gcc/arm-none-eabi/15.2.0/../../../../arm-none-eabi/lib/armv6k/fpu/libg.a(libc_a-setvbuf.o)
                0x0011ab2c                setvbuf
 .text._fopen_r
                0x0011adc0      0x134 /opt/devkitpro/devkitARM/lib/gcc/arm-none-eabi/15.2.0/../../../../arm-none-eabi/lib/armv6k/fpu/libg.a(libc_a-fopen.o)
                0x0011adc0                _fopen_r
 .text.fopen    0x0011aef4       0x28 /opt/devkitpro/devkitARM/lib/gcc/arm-none-eabi/15.2.0/../../../../arm-none-eabi/lib/armv6k/fpu/libg.a(libc_a-fopen.o)
                0x0011aef4                fopen
 .text.strncpy  0x0011af1c       0xd4 /opt/devkitpro/devkitARM/lib/gcc/arm-none-eabi/15.2.0/../../../../arm-none-eabi/lib/armv6k/fpu/libg.a(libc_a-strncpy.o)
                0x0011af1c                strncpy
 .text.ftell    0x0011aff0       0x34 /opt/devkitpro/devkitARM/lib/gcc/arm-none-eabi/15.2.0/../../../../arm-none-eabi/lib/armv6k/fpu/libg.a(libc_a-ftell.o)
                0x0011aff0                ftell
 .text.memcpy   0x0011b024      0x12c /opt/devkitpro/devkitARM/lib/gcc/arm-none-eabi/15.2.0/../../../../arm-none-eabi/lib/armv6k/fpu/libg.a(libc_a-memcpy-stub.o)
                0x0011b024                memcpy
 .text._wcsrtombs_r
                0x0011b150       0x28 /opt/devkitpro/devkitARM/lib/gcc/arm-none-eabi/15.2.0/../../../../arm-none-eabi/lib/armv6k/fpu/libg.a(libc_a-wcsrtombs.o)
                0x0011b150                _wcsrtombs_r
 .text.frexp    0x0011b178       0x88 /opt/devkitpro/devkitARM/lib/gcc/arm-none-eabi/15.2.0/../../../../arm-none-eabi/lib/armv6k/fpu/libg.a(libm_a-s_frexp.o)
                0x0011b178                frexp
 .text.__sread  0x0011b200       0x44 /opt/devkitpro/devkitARM/lib/gcc/arm-none-eabi/15.2.0/../../../../arm-none-eabi/lib/armv6k/fpu/libg.a(libc_a-stdio.o)
                0x0011b200                __sread
 .text.__swrite
                0x0011b244       0x68 /opt/devkitpro/devkitARM/lib/gcc/arm-none-eabi/15.2.0/../../../../arm-none-eabi/lib/armv6k/fpu/libg.a(libc_a-stdio.o)
                0x0011b244                __swrite
 .text.__sseek  0x0011b2ac       0x40 /opt/devkitpro/devkitARM/lib/gcc/arm-none-eabi/15.2.0/../../../../arm-none-eabi/lib/armv6k/fpu/libg.a(libc_a-stdio.o)
                0x0011b2ac                __sseek
 .text.__sclose
                0x0011b2ec        0x8 /opt/devkitpro/devkitARM/lib/gcc/arm-none-eabi/15.2.0/../../../../arm-none-eabi/lib/armv6k/fpu/libg.a(libc_a-stdio.o)
                0x0011b2ec                __sclose
 .text.memmove  0x0011b2f4      0x16c /opt/devkitpro/devkitARM/lib/gcc/arm-none-eabi/15.2.0/../../../../arm-none-eabi/lib/armv6k/fpu/libg.a(libc_a-memmove.o)
                0x0011b2f4                memmove
 .text.__locale_mb_cur_max
                0x0011b460       0x24 /opt/devkitpro/devkitARM/lib/gcc/arm-none-eabi/15.2.0/../../../../arm-none-eabi/lib/armv6k/fpu/libg.a(libc_a-locale.o)
                0x0011b460                __locale_mb_cur_max
 .text.__ssprint_r
                0x0011b484       0xa4 /opt/devkitpro/devkitARM/lib/gcc/arm-none-eabi/15.2.0/../../../../arm-none-eabi/lib/armv6k/fpu/libg.a(libc_a-ssprint_r.o)
                0x0011b484                __ssprint_r
 .text._memalign_r
                0x0011b528      0x16c /opt/devkitpro/devkitARM/lib/gcc/arm-none-eabi/15.2.0/../../../../arm-none-eabi/lib/armv6k/fpu/libg.a(libc_a-malignr.o)
                0x0011b528                _memalign_r
 .text._wcsnrtombs_l
                0x0011b694      0x15c /opt/devkitpro/devkitARM/lib/gcc/arm-none-eabi/15.2.0/../../../../arm-none-eabi/lib/armv6k/fpu/libg.a(libc_a-wcsnrtombs.o)
                0x0011b694                _wcsnrtombs_l
 .text._wcsnrtombs_r
                0x0011b7f0       0x64 /opt/devkitpro/devkitARM/lib/gcc/arm-none-eabi/15.2.0/../../../../arm-none-eabi/lib/armv6k/fpu/libg.a(libc_a-wcsnrtombs.o)
                0x0011b7f0                _wcsnrtombs_r
 .text.__utf8_mbtowc
                0x0011b854      0x340 /opt/devkitpro/devkitARM/lib/gcc/arm-none-eabi/15.2.0/../../../../arm-none-eabi/lib/armv6k/fpu/libg.a(libc_a-mbtowc_r.o)
                0x0011b854                __utf8_mbtowc
 .text._fseeko_r
                0x0011bb94      0x588 /opt/devkitpro/devkitARM/lib/gcc/arm-none-eabi/15.2.0/../../../../arm-none-eabi/lib/armv6k/fpu/libg.a(libc_a-fseeko.o)
                0x0011bb94                _fseeko_r
 .text._localeconv_r
                0x0011c11c       0x24 /opt/devkitpro/devkitARM/lib/gcc/arm-none-eabi/15.2.0/../../../../arm-none-eabi/lib/armv6k/fpu/libg.a(libc_a-localeconv.o)
                0x0011c11c                _localeconv_r
 .text.get_arg  0x0011c140      0x5e0 /opt/devkitpro/devkitARM/lib/gcc/arm-none-eabi/15.2.0/../../../../arm-none-eabi/lib/armv6k/fpu/libg.a(libc_a-vfprintf.o)
 .text._vfprintf_r
                0x0011c720     0x3554 /opt/devkitpro/devkitARM/lib/gcc/arm-none-eabi/15.2.0/../../../../arm-none-eabi/lib/armv6k/fpu/libg.a(libc_a-vfprintf.o)
                0x0011c720                _vfprintf_r
 .text.__sbprintf
                0x0011fc74       0xb4 /opt/devkitpro/devkitARM/lib/gcc/arm-none-eabi/15.2.0/../../../../arm-none-eabi/lib/armv6k/fpu/libg.a(libc_a-vfprintf.o)
 .text.memchr   0x0011fd28       0xe8 /opt/devkitpro/devkitARM/lib/gcc/arm-none-eabi/15.2.0/../../../../arm-none-eabi/lib/armv6k/fpu/libg.a(libc_a-memchr-stub.o)
                0x0011fd28                memchr
 .text.quorem   0x0011fe10      0x1c0 /opt/devkitpro/devkitARM/lib/gcc/arm-none-eabi/15.2.0/../../../../arm-none-eabi/lib/armv6k/fpu/libg.a(libc_a-dtoa.o)
 .text._dtoa_r  0x0011ffd0     0x1420 /opt/devkitpro/devkitARM/lib/gcc/arm-none-eabi/15.2.0/../../../../arm-none-eabi/lib/armv6k/fpu/libg.a(libc_a-dtoa.o)
                0x0011ffd0                _dtoa_r
 .text._wcrtomb_r
                0x001213f0       0xa0 /opt/devkitpro/devkitARM/lib/gcc/arm-none-eabi/15.2.0/../../../../arm-none-eabi/lib/armv6k/fpu/libg.a(libc_a-wcrtomb.o)
                0x001213f0                _wcrtomb_r
 .text.__sflags
                0x00121490       0xb8 /opt/devkitpro/devkitARM/lib/gcc/arm-none-eabi/15.2.0/../../../../arm-none-eabi/lib/armv6k/fpu/libg.a(libc_a-flags.o)
                0x00121490                __sflags
 .text.__libc_fini_array
                0x00121548       0x3c /opt/devkitpro/devkitARM/lib/gcc/arm-none-eabi/15.2.0/../../../../arm-none-eabi/lib/armv6k/fpu/libg.a(libc_a-fini.o)
                0x00121548                __libc_fini_array
 .text.lflush   0x00121584       0x38 /opt/devkitpro/devkitARM/lib/gcc/arm-none-eabi/15.2.0/../../../../arm-none-eabi/lib/armv6k/fpu/libg.a(libc_a-refill.o)
 .text.__srefill_r
                0x001215bc      0x1a8 /opt/devkitpro/devkitARM/lib/gcc/arm-none-eabi/15.2.0/../../../../arm-none-eabi/lib/armv6k/fpu/libg.a(libc_a-refill.o)
                0x001215bc                __srefill_r
 .text.__smakebuf_r
                0x00121764      0x164 /opt/devkitpro/devkitARM/lib/gcc/arm-none-eabi/15.2.0/../../../../arm-none-eabi/lib/armv6k/fpu/libg.a(libc_a-makebuf.o)
                0x00121764                __smakebuf_r
 .text.__swhatbuf_r
                0x001218c8       0x90 /opt/devkitpro/devkitARM/lib/gcc/arm-none-eabi/15.2.0/../../../../arm-none-eabi/lib/armv6k/fpu/libg.a(libc_a-makebuf.o)
                0x001218c8                __swhatbuf_r
 .text.__ssputs_r
                0x00121958      0x12c /opt/devkitpro/devkitARM/lib/gcc/arm-none-eabi/15.2.0/../../../../arm-none-eabi/lib/armv6k/fpu/libg.a(libc_a-ssputs_r.o)
                0x00121958                __ssputs_r
 .text._ftello_r
                0x00121a84      0x1c4 /opt/devkitpro/devkitARM/lib/gcc/arm-none-eabi/15.2.0/../../../../arm-none-eabi/lib/armv6k/fpu/libg.a(libc_a-ftello.o)
                0x00121a84                _ftello_r
 .text.__utf8_wctomb
                0x00121c48       0xf8 /opt/devkitpro/devkitARM/lib/gcc/arm-none-eabi/15.2.0/../../../../arm-none-eabi/lib/armv6k/fpu/libg.a(libc_a-wctomb_r.o)
                0x00121c48                __utf8_wctomb
 .text.__swsetup_r
                0x00121d40      0x140 /opt/devkitpro/devkitARM/lib/gcc/arm-none-eabi/15.2.0/../../../../arm-none-eabi/lib/armv6k/fpu/libg.a(libc_a-wsetup.o)
                0x00121d40                __swsetup_r
 .text.__assert_func
                0x00121e80       0x5c /opt/devkitpro/devkitARM/lib/gcc/arm-none-eabi/15.2.0/../../../../arm-none-eabi/lib/armv6k/fpu/libg.a(libc_a-assert.o)
                0x00121e80                __assert_func
 .text._Balloc  0x00121edc       0x88 /opt/devkitpro/devkitARM/lib/gcc/arm-none-eabi/15.2.0/../../../../arm-none-eabi/lib/armv6k/fpu/libg.a(libc_a-mprec.o)
                0x00121edc                _Balloc
 .text._Bfree   0x00121f64       0x1c /opt/devkitpro/devkitARM/lib/gcc/arm-none-eabi/15.2.0/../../../../arm-none-eabi/lib/armv6k/fpu/libg.a(libc_a-mprec.o)
                0x00121f64                _Bfree
 .text.__multadd
                0x00121f80       0xf4 /opt/devkitpro/devkitARM/lib/gcc/arm-none-eabi/15.2.0/../../../../arm-none-eabi/lib/armv6k/fpu/libg.a(libc_a-mprec.o)
                0x00121f80                __multadd
 .text.__hi0bits
                0x00122074       0x80 /opt/devkitpro/devkitARM/lib/gcc/arm-none-eabi/15.2.0/../../../../arm-none-eabi/lib/armv6k/fpu/libg.a(libc_a-mprec.o)
                0x00122074                __hi0bits
 .text.__lo0bits
                0x001220f4       0xf0 /opt/devkitpro/devkitARM/lib/gcc/arm-none-eabi/15.2.0/../../../../arm-none-eabi/lib/armv6k/fpu/libg.a(libc_a-mprec.o)
                0x001220f4                __lo0bits
 .text.__i2b    0x001221e4       0xa4 /opt/devkitpro/devkitARM/lib/gcc/arm-none-eabi/15.2.0/../../../../arm-none-eabi/lib/armv6k/fpu/libg.a(libc_a-mprec.o)
                0x001221e4                __i2b
 .text.__multiply
                0x00122288      0x230 /opt/devkitpro/devkitARM/lib/gcc/arm-none-eabi/15.2.0/../../../../arm-none-eabi/lib/armv6k/fpu/libg.a(libc_a-mprec.o)
                0x00122288                __multiply
 .text.__pow5mult
                0x001224b8      0x130 /opt/devkitpro/devkitARM/lib/gcc/arm-none-eabi/15.2.0/../../../../arm-none-eabi/lib/armv6k/fpu/libg.a(libc_a-mprec.o)
                0x001224b8                __pow5mult
 .text.__lshift
                0x001225e8      0x138 /opt/devkitpro/devkitARM/lib/gcc/arm-none-eabi/15.2.0/../../../../arm-none-eabi/lib/armv6k/fpu/libg.a(libc_a-mprec.o)
                0x001225e8                __lshift
 .text.__mcmp   0x00122720       0x58 /opt/devkitpro/devkitARM/lib/gcc/arm-none-eabi/15.2.0/../../../../arm-none-eabi/lib/armv6k/fpu/libg.a(libc_a-mprec.o)
                0x00122720                __mcmp
 .text.__mdiff  0x00122778      0x218 /opt/devkitpro/devkitARM/lib/gcc/arm-none-eabi/15.2.0/../../../../arm-none-eabi/lib/armv6k/fpu/libg.a(libc_a-mprec.o)
                0x00122778                __mdiff
 .text.__d2b    0x00122990      0x120 /opt/devkitpro/devkitARM/lib/gcc/arm-none-eabi/15.2.0/../../../../arm-none-eabi/lib/armv6k/fpu/libg.a(libc_a-mprec.o)
                0x00122990                __d2b
 .text.fiprintf
                0x00122ab0       0x3c /opt/devkitpro/devkitARM/lib/gcc/arm-none-eabi/15.2.0/../../../../arm-none-eabi/lib/armv6k/fpu/libg.a(libc_a-fiprintf.o)
                0x00122ab0                fiprintf
 .text.__sprint_r
                0x00122aec       0x30 /opt/devkitpro/devkitARM/lib/gcc/arm-none-eabi/15.2.0/../../../../arm-none-eabi/lib/armv6k/fpu/libg.a(libc_a-sprint_r.o)
                0x00122aec                __sprint_r
 .text.abort    0x00122b1c       0x14 /opt/devkitpro/devkitARM/lib/gcc/arm-none-eabi/15.2.0/../../../../arm-none-eabi/lib/armv6k/fpu/libg.a(libc_a-abort.o)
                0x00122b1c                abort
 .text.__sfvwrite_r
                0x00122b30      0x4a4 /opt/devkitpro/devkitARM/lib/gcc/arm-none-eabi/15.2.0/../../../../arm-none-eabi/lib/armv6k/fpu/libg.a(libc_a-fvwrite.o)
                0x00122b30                __sfvwrite_r
 .text._raise_r
                0x00122fd4       0x9c /opt/devkitpro/devkitARM/lib/gcc/arm-none-eabi/15.2.0/../../../../arm-none-eabi/lib/armv6k/fpu/libg.a(libc_a-signal.o)
                0x00122fd4                _raise_r
 .text.raise    0x00123070       0x20 /opt/devkitpro/devkitARM/lib/gcc/arm-none-eabi/15.2.0/../../../../arm-none-eabi/lib/armv6k/fpu/libg.a(libc_a-signal.o)
                0x00123070                raise
 .text.get_arg  0x00123090      0x5e0 /opt/devkitpro/devkitARM/lib/gcc/arm-none-eabi/15.2.0/../../../../arm-none-eabi/lib/armv6k/fpu/libg.a(libc_a-vfiprintf.o)
 .text._vfiprintf_r
                0x00123670     0x22f8 /opt/devkitpro/devkitARM/lib/gcc/arm-none-eabi/15.2.0/../../../../arm-none-eabi/lib/armv6k/fpu/libg.a(libc_a-vfiprintf.o)
                0x00123670                _vfiprintf_r
 .text.__sbprintf
                0x00125968       0xb4 /opt/devkitpro/devkitARM/lib/gcc/arm-none-eabi/15.2.0/../../../../arm-none-eabi/lib/armv6k/fpu/libg.a(libc_a-vfiprintf.o)
 .text._exit    0x00125a1c       0x20 /opt/devkitpro/devkitARM/lib/gcc/arm-none-eabi/15.2.0/../../../../arm-none-eabi/lib/armv6k/fpu/libsysbase.a(libsysbase_libsysbase_a-_exit.o)
                0x00125a1c                _exit
 .text.chdir    0x00125a3c      0x140 /opt/devkitpro/devkitARM/lib/gcc/arm-none-eabi/15.2.0/../../../../arm-none-eabi/lib/armv6k/fpu/libsysbase.a(libsysbase_libsysbase_a-chdir.o)
                0x00125a3c                chdir
 .text._concatenate_path
                0x00125b7c      0x1c8 /opt/devkitpro/devkitARM/lib/gcc/arm-none-eabi/15.2.0/../../../../arm-none-eabi/lib/armv6k/fpu/libsysbase.a(libsysbase_libsysbase_a-concatenate.o)
                0x00125b7c                _concatenate_path
 .text._fstat_r
                0x00125d44       0x9c /opt/devkitpro/devkitARM/lib/gcc/arm-none-eabi/15.2.0/../../../../arm-none-eabi/lib/armv6k/fpu/libsysbase.a(libsysbase_libsysbase_a-fstat.o)
                0x00125d44                _fstat_r
 .text._getpid_r
                0x00125de0       0x14 /opt/devkitpro/devkitARM/lib/gcc/arm-none-eabi/15.2.0/../../../../arm-none-eabi/lib/armv6k/fpu/libsysbase.a(libsysbase_libsysbase_a-getpid.o)
                0x00125de0                _getpid_r
 .text.__getreent
                0x00125df4       0x2c /opt/devkitpro/devkitARM/lib/gcc/arm-none-eabi/15.2.0/../../../../arm-none-eabi/lib/armv6k/fpu/libsysbase.a(libsysbase_libsysbase_a-getreent.o)
                0x00125df4                __getreent
 .text._gettimeofday_r
                0x00125e20       0x30 /opt/devkitpro/devkitARM/lib/gcc/arm-none-eabi/15.2.0/../../../../arm-none-eabi/lib/armv6k/fpu/libsysbase.a(libsysbase_libsysbase_a-gettod.o)
                0x00125e20                _gettimeofday_r
 .text.__release_handle
                0x00125e50       0xa0 /opt/devkitpro/devkitARM/lib/gcc/arm-none-eabi/15.2.0/../../../../arm-none-eabi/lib/armv6k/fpu/libsysbase.a(libsysbase_libsysbase_a-handle_manager.o)
                0x00125e50                __release_handle
 .text.__alloc_handle
                0x00125ef0       0xb0 /opt/devkitpro/devkitARM/lib/gcc/arm-none-eabi/15.2.0/../../../../arm-none-eabi/lib/armv6k/fpu/libsysbase.a(libsysbase_libsysbase_a-handle_manager.o)
                0x00125ef0                __alloc_handle
 .text.__get_handle
                0x00125fa0       0x58 /opt/devkitpro/devkitARM/lib/gcc/arm-none-eabi/15.2.0/../../../../arm-none-eabi/lib/armv6k/fpu/libsysbase.a(libsysbase_libsysbase_a-handle_manager.o)
                0x00125fa0                __get_handle
 .text._close_r
                0x00125ff8      0x110 /opt/devkitpro/devkitARM/lib/gcc/arm-none-eabi/15.2.0/../../../../arm-none-eabi/lib/armv6k/fpu/libsysbase.a(libsysbase_libsysbase_a-handle_manager.o)
                0x00125ff8                _close_r
 .text.null_write
                0x00126108        0x8 /opt/devkitpro/devkitARM/lib/gcc/arm-none-eabi/15.2.0/../../../../arm-none-eabi/lib/armv6k/fpu/libsysbase.a(libsysbase_libsysbase_a-iosupport.o)
 .text.setDefaultDevice
                0x00126110       0x18 /opt/devkitpro/devkitARM/lib/gcc/arm-none-eabi/15.2.0/../../../../arm-none-eabi/lib/armv6k/fpu/libsysbase.a(libsysbase_libsysbase_a-iosupport.o)
                0x00126110                setDefaultDevice
 .text.FindDevice
                0x00126128       0xc4 /opt/devkitpro/devkitARM/lib/gcc/arm-none-eabi/15.2.0/../../../../arm-none-eabi/lib/armv6k/fpu/libsysbase.a(libsysbase_libsysbase_a-iosupport.o)
                0x00126128                FindDevice
 .text.RemoveDevice
                0x001261ec       0x28 /opt/devkitpro/devkitARM/lib/gcc/arm-none-eabi/15.2.0/../../../../arm-none-eabi/lib/armv6k/fpu/libsysbase.a(libsysbase_libsysbase_a-iosupport.o)
                0x001261ec                RemoveDevice
 .text.AddDevice
                0x00126214       0x98 /opt/devkitpro/devkitARM/lib/gcc/arm-none-eabi/15.2.0/../../../../arm-none-eabi/lib/armv6k/fpu/libsysbase.a(libsysbase_libsysbase_a-iosupport.o)
                0x00126214                AddDevice
 .text.GetDeviceOpTab
                0x001262ac       0x20 /opt/devkitpro/devkitARM/lib/gcc/arm-none-eabi/15.2.0/../../../../arm-none-eabi/lib/armv6k/fpu/libsysbase.a(libsysbase_libsysbase_a-iosupport.o)
                0x001262ac                GetDeviceOpTab
 .text._isatty_r
                0x001262cc        0x8 /opt/devkitpro/devkitARM/lib/gcc/arm-none-eabi/15.2.0/../../../../arm-none-eabi/lib/armv6k/fpu/libsysbase.a(libsysbase_libsysbase_a-isatty.o)
                0x001262cc                _isatty_r
 .text._kill_r  0x001262d4       0x14 /opt/devkitpro/devkitARM/lib/gcc/arm-none-eabi/15.2.0/../../../../arm-none-eabi/lib/armv6k/fpu/libsysbase.a(libsysbase_libsysbase_a-kill.o)
                0x001262d4                _kill_r
 .text._lseek_r
                0x001262e8       0x94 /opt/devkitpro/devkitARM/lib/gcc/arm-none-eabi/15.2.0/../../../../arm-none-eabi/lib/armv6k/fpu/libsysbase.a(libsysbase_libsysbase_a-lseek.o)
                0x001262e8                _lseek_r
 .text._open_r  0x0012637c       0xc0 /opt/devkitpro/devkitARM/lib/gcc/arm-none-eabi/15.2.0/../../../../arm-none-eabi/lib/armv6k/fpu/libsysbase.a(libsysbase_libsysbase_a-open.o)
                0x0012637c                _open_r
 .text._read_r  0x0012643c       0x94 /opt/devkitpro/devkitARM/lib/gcc/arm-none-eabi/15.2.0/../../../../arm-none-eabi/lib/armv6k/fpu/libsysbase.a(libsysbase_libsysbase_a-read.o)
                0x0012643c                _read_r
 .text._sbrk_r  0x001264d0       0x78 /opt/devkitpro/devkitARM/lib/gcc/arm-none-eabi/15.2.0/../../../../arm-none-eabi/lib/armv6k/fpu/libsysbase.a(libsysbase_libsysbase_a-sbrk.o)
                0x001264d0                _sbrk_r
 .text.__libc_lock_acquire
                0x00126548       0x1c /opt/devkitpro/devkitARM/lib/gcc/arm-none-eabi/15.2.0/../../../../arm-none-eabi/lib/armv6k/fpu/libsysbase.a(libsysbase_libsysbase_a-syscall_support.o)
                0x00126548                __libc_lock_acquire
 .text.__libc_lock_release
                0x00126564       0x1c /opt/devkitpro/devkitARM/lib/gcc/arm-none-eabi/15.2.0/../../../../arm-none-eabi/lib/armv6k/fpu/libsysbase.a(libsysbase_libsysbase_a-syscall_support.o)
                0x00126564                __libc_lock_release
 .text.__libc_lock_acquire_recursive
                0x00126580       0x1c /opt/devkitpro/devkitARM/lib/gcc/arm-none-eabi/15.2.0/../../../../arm-none-eabi/lib/armv6k/fpu/libsysbase.a(libsysbase_libsysbase_a-syscall_support.o)
                0x00126580                __libc_lock_acquire_recursive
 .text.__libc_lock_release_recursive
                0x0012659c       0x1c /opt/devkitpro/devkitARM/lib/gcc/arm-none-eabi/15.2.0/../../../../arm-none-eabi/lib/armv6k/fpu/libsysbase.a(libsysbase_libsysbase_a-syscall_support.o)